Archive member included to satisfy reference by file (symbol)

/home/yjy/apps/arm-gnu-toochain/bin/../lib/gcc/arm-none-eabi/13.3.1/../../../../arm-none-eabi/lib/thumb/v7e-m+fp/hard/libc_nano.a(libc_a-exit.o)
                              /home/yjy/apps/arm-gnu-toochain/bin/../lib/gcc/arm-none-eabi/13.3.1/../../../../arm-none-eabi/lib/thumb/v7e-m+fp/hard/crt0.o (exit)
/home/yjy/apps/arm-gnu-toochain/bin/../lib/gcc/arm-none-eabi/13.3.1/../../../../arm-none-eabi/lib/thumb/v7e-m+fp/hard/libc_nano.a(libc_a-init.o)
                              /home/yjy/apps/arm-gnu-toochain/bin/../lib/gcc/arm-none-eabi/13.3.1/../../../../arm-none-eabi/lib/thumb/v7e-m+fp/hard/crt0.o (__libc_init_array)
/home/yjy/apps/arm-gnu-toochain/bin/../lib/gcc/arm-none-eabi/13.3.1/../../../../arm-none-eabi/lib/thumb/v7e-m+fp/hard/libc_nano.a(libc_a-nano-vfprintf_float.o)
                              (_printf_float)
/home/yjy/apps/arm-gnu-toochain/bin/../lib/gcc/arm-none-eabi/13.3.1/../../../../arm-none-eabi/lib/thumb/v7e-m+fp/hard/libc_nano.a(libc_a-memset.o)
                              /home/yjy/apps/arm-gnu-toochain/bin/../lib/gcc/arm-none-eabi/13.3.1/../../../../arm-none-eabi/lib/thumb/v7e-m+fp/hard/crt0.o (memset)
/home/yjy/apps/arm-gnu-toochain/bin/../lib/gcc/arm-none-eabi/13.3.1/../../../../arm-none-eabi/lib/thumb/v7e-m+fp/hard/libc_nano.a(libc_a-localeconv.o)
                              /home/yjy/apps/arm-gnu-toochain/bin/../lib/gcc/arm-none-eabi/13.3.1/../../../../arm-none-eabi/lib/thumb/v7e-m+fp/hard/libc_nano.a(libc_a-nano-vfprintf_float.o) (_localeconv_r)
/home/yjy/apps/arm-gnu-toochain/bin/../lib/gcc/arm-none-eabi/13.3.1/../../../../arm-none-eabi/lib/thumb/v7e-m+fp/hard/libc_nano.a(libc_a-nano-vfprintf_i.o)
                              /home/yjy/apps/arm-gnu-toochain/bin/../lib/gcc/arm-none-eabi/13.3.1/../../../../arm-none-eabi/lib/thumb/v7e-m+fp/hard/libc_nano.a(libc_a-nano-vfprintf_float.o) (_printf_common)
/home/yjy/apps/arm-gnu-toochain/bin/../lib/gcc/arm-none-eabi/13.3.1/../../../../arm-none-eabi/lib/thumb/v7e-m+fp/hard/libc_nano.a(libc_a-memchr.o)
                              /home/yjy/apps/arm-gnu-toochain/bin/../lib/gcc/arm-none-eabi/13.3.1/../../../../arm-none-eabi/lib/thumb/v7e-m+fp/hard/libc_nano.a(libc_a-nano-vfprintf_i.o) (memchr)
/home/yjy/apps/arm-gnu-toochain/bin/../lib/gcc/arm-none-eabi/13.3.1/../../../../arm-none-eabi/lib/thumb/v7e-m+fp/hard/libc_nano.a(libc_a-strlen.o)
                              /home/yjy/apps/arm-gnu-toochain/bin/../lib/gcc/arm-none-eabi/13.3.1/../../../../arm-none-eabi/lib/thumb/v7e-m+fp/hard/libc_nano.a(libc_a-nano-vfprintf_float.o) (strlen)
/home/yjy/apps/arm-gnu-toochain/bin/../lib/gcc/arm-none-eabi/13.3.1/../../../../arm-none-eabi/lib/thumb/v7e-m+fp/hard/libc_nano.a(libc_a-findfp.o)
                              /home/yjy/apps/arm-gnu-toochain/bin/../lib/gcc/arm-none-eabi/13.3.1/../../../../arm-none-eabi/lib/thumb/v7e-m+fp/hard/libc_nano.a(libc_a-exit.o) (__stdio_exit_handler)
/home/yjy/apps/arm-gnu-toochain/bin/../lib/gcc/arm-none-eabi/13.3.1/../../../../arm-none-eabi/lib/thumb/v7e-m+fp/hard/libc_nano.a(libc_a-stdio.o)
                              /home/yjy/apps/arm-gnu-toochain/bin/../lib/gcc/arm-none-eabi/13.3.1/../../../../arm-none-eabi/lib/thumb/v7e-m+fp/hard/libc_nano.a(libc_a-findfp.o) (__sread)
/home/yjy/apps/arm-gnu-toochain/bin/../lib/gcc/arm-none-eabi/13.3.1/../../../../arm-none-eabi/lib/thumb/v7e-m+fp/hard/libc_nano.a(libc_a-dtoa.o)
                              /home/yjy/apps/arm-gnu-toochain/bin/../lib/gcc/arm-none-eabi/13.3.1/../../../../arm-none-eabi/lib/thumb/v7e-m+fp/hard/libc_nano.a(libc_a-nano-vfprintf_float.o) (_dtoa_r)
/home/yjy/apps/arm-gnu-toochain/bin/../lib/gcc/arm-none-eabi/13.3.1/../../../../arm-none-eabi/lib/thumb/v7e-m+fp/hard/libc_nano.a(libc_a-lseekr.o)
                              /home/yjy/apps/arm-gnu-toochain/bin/../lib/gcc/arm-none-eabi/13.3.1/../../../../arm-none-eabi/lib/thumb/v7e-m+fp/hard/libc_nano.a(libc_a-stdio.o) (_lseek_r)
/home/yjy/apps/arm-gnu-toochain/bin/../lib/gcc/arm-none-eabi/13.3.1/../../../../arm-none-eabi/lib/thumb/v7e-m+fp/hard/libc_nano.a(libc_a-readr.o)
                              /home/yjy/apps/arm-gnu-toochain/bin/../lib/gcc/arm-none-eabi/13.3.1/../../../../arm-none-eabi/lib/thumb/v7e-m+fp/hard/libc_nano.a(libc_a-stdio.o) (_read_r)
/home/yjy/apps/arm-gnu-toochain/bin/../lib/gcc/arm-none-eabi/13.3.1/../../../../arm-none-eabi/lib/thumb/v7e-m+fp/hard/libc_nano.a(libc_a-fwalk.o)
                              /home/yjy/apps/arm-gnu-toochain/bin/../lib/gcc/arm-none-eabi/13.3.1/../../../../arm-none-eabi/lib/thumb/v7e-m+fp/hard/libc_nano.a(libc_a-findfp.o) (_fwalk_sglue)
/home/yjy/apps/arm-gnu-toochain/bin/../lib/gcc/arm-none-eabi/13.3.1/../../../../arm-none-eabi/lib/thumb/v7e-m+fp/hard/libc_nano.a(libc_a-locale.o)
                              /home/yjy/apps/arm-gnu-toochain/bin/../lib/gcc/arm-none-eabi/13.3.1/../../../../arm-none-eabi/lib/thumb/v7e-m+fp/hard/libc_nano.a(libc_a-localeconv.o) (__global_locale)
[...]
Memory Configuration

Name             Origin             Length             Attributes
RAM              0x20000000         0x00020000         xrw
FLASH            0x08000000         0x00040000         xr
*default*        0x00000000         0xffffffff

Linker script and memory map

LOAD /home/yjy/apps/arm-gnu-toochain/bin/../lib/gcc/arm-none-eabi/13.3.1/thumb/v7e-m+fp/hard/crti.o
LOAD /home/yjy/apps/arm-gnu-toochain/bin/../lib/gcc/arm-none-eabi/13.3.1/thumb/v7e-m+fp/hard/crtbegin.o
LOAD /home/yjy/apps/arm-gnu-toochain/bin/../lib/gcc/arm-none-eabi/13.3.1/../../../../arm-none-eabi/lib/thumb/v7e-m+fp/hard/crt0.o
START GROUP
LOAD /home/yjy/apps/arm-gnu-toochain/bin/../lib/gcc/arm-none-eabi/13.3.1/../../../../arm-none-eabi/lib/thumb/v7e-m+fp/hard/libc_nano.a
LOAD /home/yjy/apps/arm-gnu-toochain/bin/../lib/gcc/arm-none-eabi/13.3.1/../../../../arm-none-eabi/lib/thumb/v7e-m+fp/hard/libm.a
END GROUP
LOAD CMakeFiles/board_c.dir/robot/RTT/SEGGER_RTT.c.obj
LOAD CMakeFiles/board_c.dir/robot/RTT/SEGGER_RTT_ASM_ARMv7M.S.obj
LOAD CMakeFiles/board_c.dir/robot/RTT/SEGGER_RTT_printf.c.obj
LOAD CMakeFiles/board_c.dir/robot/algorithm/lpf_filter.c.obj
LOAD CMakeFiles/board_c.dir/robot/tools/vofa.c.obj
LOAD CMakeFiles/board_c.dir/robot/unitree/GO-M8010-6.c.obj
LOAD CMakeFiles/board_c.dir/Core/Src/main.c.obj
LOAD CMakeFiles/board_c.dir/Core/Src/gpio.c.obj
LOAD CMakeFiles/board_c.dir/Core/Src/dma.c.obj
LOAD CMakeFiles/board_c.dir/Core/Src/usart.c.obj
LOAD CMakeFiles/board_c.dir/Core/Src/stm32f4xx_it.c.obj
LOAD CMakeFiles/board_c.dir/Core/Src/stm32f4xx_hal_msp.c.obj
LOAD CMakeFiles/board_c.dir/Drivers/STM32F4xx_HAL_Driver/Src/stm32f4xx_hal_tim.c.obj
LOAD CMakeFiles/board_c.dir/Drivers/STM32F4xx_HAL_Driver/Src/stm32f4xx_hal_tim_ex.c.obj
LOAD CMakeFiles/board_c.dir/Drivers/STM32F4xx_HAL_Driver/Src/stm32f4xx_hal_uart.c.obj
LOAD CMakeFiles/board_c.dir/Drivers/STM32F4xx_HAL_Driver/Src/stm32f4xx_hal_rcc.c.obj
LOAD CMakeFiles/board_c.dir/Drivers/STM32F4xx_HAL_Driver/Src/stm32f4xx_hal_rcc_ex.c.obj
LOAD CMakeFiles/board_c.dir/Drivers/STM32F4xx_HAL_Driver/Src/stm32f4xx_hal_flash.c.obj
LOAD CMakeFiles/board_c.dir/Drivers/STM32F4xx_HAL_Driver/Src/stm32f4xx_hal_flash_ex.c.obj
LOAD CMakeFiles/board_c.dir/Drivers/STM32F4xx_HAL_Driver/Src/stm32f4xx_hal_flash_ramfunc.c.obj
LOAD CMakeFiles/board_c.dir/Drivers/STM32F4xx_HAL_Driver/Src/stm32f4xx_hal_gpio.c.obj
LOAD CMakeFiles/board_c.dir/Drivers/STM32F4xx_HAL_Driver/Src/stm32f4xx_hal_dma_ex.c.obj
LOAD CMakeFiles/board_c.dir/Drivers/STM32F4xx_HAL_Driver/Src/stm32f4xx_hal_dma.c.obj
LOAD CMakeFiles/board_c.dir/Drivers/STM32F4xx_HAL_Driver/Src/stm32f4xx_hal_pwr.c.obj
LOAD CMakeFiles/board_c.dir/Drivers/STM32F4xx_HAL_Driver/Src/stm32f4xx_hal_pwr_ex.c.obj
LOAD CMakeFiles/board_c.dir/Drivers/STM32F4xx_HAL_Driver/Src/stm32f4xx_hal_cortex.c.obj
LOAD CMakeFiles/board_c.dir/Drivers/STM32F4xx_HAL_Driver/Src/stm32f4xx_hal.c.obj
LOAD CMakeFiles/board_c.dir/Drivers/STM32F4xx_HAL_Driver/Src/stm32f4xx_hal_exti.c.obj
LOAD CMakeFiles/board_c.dir/Core/Src/system_stm32f4xx.c.obj
LOAD CMakeFiles/board_c.dir/Core/Src/sysmem.c.obj
LOAD CMakeFiles/board_c.dir/Core/Src/syscalls.c.obj
LOAD CMakeFiles/board_c.dir/startup_stm32f446xx.s.obj
START GROUP
LOAD /home/yjy/apps/arm-gnu-toochain/bin/../lib/gcc/arm-none-eabi/13.3.1/thumb/v7e-m+fp/hard/libgcc.a
LOAD /home/yjy/apps/arm-gnu-toochain/bin/../lib/gcc/arm-none-eabi/13.3.1/../../../../arm-none-eabi/lib/thumb/v7e-m+fp/hard/libg_nano.a
LOAD /home/yjy/apps/arm-gnu-toochain/bin/../lib/gcc/arm-none-eabi/13.3.1/../../../../arm-none-eabi/lib/thumb/v7e-m+fp/hard/libc_nano.a
END GROUP
START GROUP
LOAD /home/yjy/apps/arm-gnu-toochain/bin/../lib/gcc/arm-none-eabi/13.3.1/thumb/v7e-m+fp/hard/libgcc.a
LOAD /home/yjy/apps/arm-gnu-toochain/bin/../lib/gcc/arm-none-eabi/13.3.1/../../../../arm-none-eabi/lib/thumb/v7e-m+fp/hard/libc_nano.a
END GROUP
LOAD /home/yjy/apps/arm-gnu-toochain/bin/../lib/gcc/arm-none-eabi/13.3.1/thumb/v7e-m+fp/hard/crtend.o
LOAD /home/yjy/apps/arm-gnu-toochain/bin/../lib/gcc/arm-none-eabi/13.3.1/thumb/v7e-m+fp/hard/crtn.o
                0x20020000                        _estack = (ORIGIN (RAM) + LENGTH (RAM))
                0x00000200                        _Min_Heap_Size = 0x200
                0x00000400                        _Min_Stack_Size = 0x400

.isr_vector     0x08000000      0x1c4
                0x08000000                        . = ALIGN (0x4)
 *(.isr_vector)
 .isr_vector    0x08000000      0x1c4 CMakeFiles/board_c.dir/startup_stm32f446xx.s.obj
                0x08000000                g_pfnVectors
                0x080001c4                        . = ALIGN (0x4)

.text           0x080001d0     0x7240
                0x080001d0                        . = ALIGN (0x4)
 *(.text)
 .text          0x080001d0       0xa0 /home/yjy/apps/arm-gnu-toochain/bin/../lib/gcc/arm-none-eabi/13.3.1/../../../../arm-none-eabi/lib/thumb/v7e-m+fp/hard/libc_nano.a(libc_a-memchr.o)
                0x080001d0                memchr
 .text          0x08000270       0x10 /home/yjy/apps/arm-gnu-toochain/bin/../lib/gcc/arm-none-eabi/13.3.1/../../../../arm-none-eabi/lib/thumb/v7e-m+fp/hard/libc_nano.a(libc_a-strlen.o)
                0x08000270                strlen
 .text          0x08000280      0x378 /home/yjy/apps/arm-gnu-toochain/bin/../lib/gcc/arm-none-eabi/13.3.1/thumb/v7e-m+fp/hard/libgcc.a(_arm_addsubdf3.o)
                0x08000280                __aeabi_drsub
                0x08000288                __aeabi_dsub
                0x08000288                __subdf3
                0x0800028c                __adddf3
                0x0800028c                __aeabi_dadd
                0x08000504                __aeabi_ui2d
                0x08000504                __floatunsidf
                0x08000524                __floatsidf
                0x08000524                __aeabi_i2d
                0x08000548                __extendsfdf2
                0x08000548                __aeabi_f2d
                0x0800058c                __aeabi_ul2d
                0x0800058c                __floatundidf
                0x0800059c                __floatdidf
                0x0800059c                __aeabi_l2d
 .text          0x080005f8      0x424 /home/yjy/apps/arm-gnu-toochain/bin/../lib/gcc/arm-none-eabi/13.3.1/thumb/v7e-m+fp/hard/libgcc.a(_arm_muldivdf3.o)
                0x080005f8                __aeabi_dmul
                0x080005f8                __muldf3
                0x0800084c                __aeabi_ddiv
                0x0800084c                __divdf3
 .text          0x08000a1c      0x110 /home/yjy/apps/arm-gnu-toochain/bin/../lib/gcc/arm-none-eabi/13.3.1/thumb/v7e-m+fp/hard/libgcc.a(_arm_cmpdf2.o)
                0x08000a1c                __gtdf2
                0x08000a1c                __gedf2
                0x08000a24                __ltdf2
                0x08000a24                __ledf2
                0x08000a2c                __cmpdf2
                0x08000a2c                __eqdf2
                0x08000a2c                __nedf2
                0x08000aa8                __aeabi_cdrcmple
                0x08000ab8                __aeabi_cdcmple
                0x08000ab8                __aeabi_cdcmpeq
                0x08000ac8                __aeabi_dcmpeq
                0x08000adc                __aeabi_dcmplt
                0x08000af0                __aeabi_dcmple
                0x08000b04                __aeabi_dcmpge
                0x08000b18                __aeabi_dcmpgt
 .text          0x08000b2c       0x2c /home/yjy/apps/arm-gnu-toochain/bin/../lib/gcc/arm-none-eabi/13.3.1/thumb/v7e-m+fp/hard/libgcc.a(_arm_unorddf2.o)
                0x08000b2c                __aeabi_dcmpun
                0x08000b2c                __unorddf2
 .text          0x08000b58       0x50 /home/yjy/apps/arm-gnu-toochain/bin/../lib/gcc/arm-none-eabi/13.3.1/thumb/v7e-m+fp/hard/libgcc.a(_arm_fixdfsi.o)
                0x08000b58                __fixdfsi
                0x08000b58                __aeabi_d2iz
 .text          0x08000ba8       0xa0 /home/yjy/apps/arm-gnu-toochain/bin/../lib/gcc/arm-none-eabi/13.3.1/thumb/v7e-m+fp/hard/libgcc.a(_arm_truncdfsf2.o)
                0x08000ba8                __aeabi_d2f
                0x08000ba8                __truncdfsf2
 .text          0x08000c48       0x30 /home/yjy/apps/arm-gnu-toochain/bin/../lib/gcc/arm-none-eabi/13.3.1/thumb/v7e-m+fp/hard/libgcc.a(_aeabi_uldivmod.o)
                0x08000c48                __aeabi_uldivmod
 .text          0x08000c78        0x4 /home/yjy/apps/arm-gnu-toochain/bin/../lib/gcc/arm-none-eabi/13.3.1/thumb/v7e-m+fp/hard/libgcc.a(_dvmd_tls.o)
                0x08000c78                __aeabi_ldiv0
                0x08000c78                __aeabi_idiv0
 *(.text*)
 .text.deregister_tm_clones
                0x08000c7c       0x1c /home/yjy/apps/arm-gnu-toochain/bin/../lib/gcc/arm-none-eabi/13.3.1/thumb/v7e-m+fp/hard/crtbegin.o
 .text.register_tm_clones
                0x08000c98       0x24 /home/yjy/apps/arm-gnu-toochain/bin/../lib/gcc/arm-none-eabi/13.3.1/thumb/v7e-m+fp/hard/crtbegin.o
 .text.__do_global_dtors_aux
                0x08000cbc       0x28 /home/yjy/apps/arm-gnu-toochain/bin/../lib/gcc/arm-none-eabi/13.3.1/thumb/v7e-m+fp/hard/crtbegin.o
 .text.frame_dummy
                0x08000ce4       0x24 /home/yjy/apps/arm-gnu-toochain/bin/../lib/gcc/arm-none-eabi/13.3.1/thumb/v7e-m+fp/hard/crtbegin.o
 .text.__libc_init_array
                0x08000d08       0x48 /home/yjy/apps/arm-gnu-toochain/bin/../lib/gcc/arm-none-eabi/13.3.1/../../../../arm-none-eabi/lib/thumb/v7e-m+fp/hard/libc_nano.a(libc_a-init.o)
                0x08000d08                __libc_init_array
 .text.__cvt    0x08000d50       0xca /home/yjy/apps/arm-gnu-toochain/bin/../lib/gcc/arm-none-eabi/13.3.1/../../../../arm-none-eabi/lib/thumb/v7e-m+fp/hard/libc_nano.a(libc_a-nano-vfprintf_float.o)
                0x08000d50                __cvt
 .text.__exponent
                0x08000e1a       0x74 /home/yjy/apps/arm-gnu-toochain/bin/../lib/gcc/arm-none-eabi/13.3.1/../../../../arm-none-eabi/lib/thumb/v7e-m+fp/hard/libc_nano.a(libc_a-nano-vfprintf_float.o)
                0x08000e1a                __exponent
 *fill*         0x08000e8e        0x2 
 .text._printf_float
                0x08000e90      0x454 /home/yjy/apps/arm-gnu-toochain/bin/../lib/gcc/arm-none-eabi/13.3.1/../../../../arm-none-eabi/lib/thumb/v7e-m+fp/hard/libc_nano.a(libc_a-nano-vfprintf_float.o)
                0x08000e90                _printf_float
 .text.memset   0x080012e4       0x10 /home/yjy/apps/arm-gnu-toochain/bin/../lib/gcc/arm-none-eabi/13.3.1/../../../../arm-none-eabi/lib/thumb/v7e-m+fp/hard/libc_nano.a(libc_a-memset.o)
                0x080012e4                memset
 .text._localeconv_r
                0x080012f4        0x8 /home/yjy/apps/arm-gnu-toochain/bin/../lib/gcc/arm-none-eabi/13.3.1/../../../../arm-none-eabi/lib/thumb/v7e-m+fp/hard/libc_nano.a(libc_a-localeconv.o)
                0x080012f4                _localeconv_r
 .text._printf_common
                0x080012fc       0xda /home/yjy/apps/arm-gnu-toochain/bin/../lib/gcc/arm-none-eabi/13.3.1/../../../../arm-none-eabi/lib/thumb/v7e-m+fp/hard/libc_nano.a(libc_a-nano-vfprintf_i.o)
                0x080012fc                _printf_common
 *fill*         0x080013d6        0x2 
 .text._printf_i
                0x080013d8      0x23c /home/yjy/apps/arm-gnu-toochain/bin/../lib/gcc/arm-none-eabi/13.3.1/../../../../arm-none-eabi/lib/thumb/v7e-m+fp/hard/libc_nano.a(libc_a-nano-vfprintf_i.o)
                0x080013d8                _printf_i
 .text.std      0x08001614       0x6c /home/yjy/apps/arm-gnu-toochain/bin/../lib/gcc/arm-none-eabi/13.3.1/../../../../arm-none-eabi/lib/thumb/v7e-m+fp/hard/libc_nano.a(libc_a-findfp.o)
 .text.stdio_exit_handler
                0x08001680       0x18 /home/yjy/apps/arm-gnu-toochain/bin/../lib/gcc/arm-none-eabi/13.3.1/../../../../arm-none-eabi/lib/thumb/v7e-m+fp/hard/libc_nano.a(libc_a-findfp.o)
 .text.cleanup_stdio
                0x08001698       0x40 /home/yjy/apps/arm-gnu-toochain/bin/../lib/gcc/arm-none-eabi/13.3.1/../../../../arm-none-eabi/lib/thumb/v7e-m+fp/hard/libc_nano.a(libc_a-findfp.o)
 .text.global_stdio_init.part.0
                0x080016d8       0x3c /home/yjy/apps/arm-gnu-toochain/bin/../lib/gcc/arm-none-eabi/13.3.1/../../../../arm-none-eabi/lib/thumb/v7e-m+fp/hard/libc_nano.a(libc_a-findfp.o)
 .text.__sfp_lock_acquire
                0x08001714        0xc /home/yjy/apps/arm-gnu-toochain/bin/../lib/gcc/arm-none-eabi/13.3.1/../../../../arm-none-eabi/lib/thumb/v7e-m+fp/hard/libc_nano.a(libc_a-findfp.o)
                0x08001714                __sfp_lock_acquire
 .text.__sfp_lock_release
                0x08001720        0xc /home/yjy/apps/arm-gnu-toochain/bin/../lib/gcc/arm-none-eabi/13.3.1/../../../../arm-none-eabi/lib/thumb/v7e-m+fp/hard/libc_nano.a(libc_a-findfp.o)
                0x08001720                __sfp_lock_release
 .text.__sinit  0x0800172c       0x30 /home/yjy/apps/arm-gnu-toochain/bin/../lib/gcc/arm-none-eabi/13.3.1/../../../../arm-none-eabi/lib/thumb/v7e-m+fp/hard/libc_nano.a(libc_a-findfp.o)
                0x0800172c                __sinit
 .text.__sread  0x0800175c       0x22 /home/yjy/apps/arm-gnu-toochain/bin/../lib/gcc/arm-none-eabi/13.3.1/../../../../arm-none-eabi/lib/thumb/v7e-m+fp/hard/libc_nano.a(libc_a-stdio.o)
                0x0800175c                __sread
 .text.__swrite
                0x0800177e       0x38 /home/yjy/apps/arm-gnu-toochain/bin/../lib/gcc/arm-none-eabi/13.3.1/../../../../arm-none-eabi/lib/thumb/v7e-m+fp/hard/libc_nano.a(libc_a-stdio.o)
                0x0800177e                __swrite
 .text.__sseek  0x080017b6       0x24 /home/yjy/apps/arm-gnu-toochain/bin/../lib/gcc/arm-none-eabi/13.3.1/../../../../arm-none-eabi/lib/thumb/v7e-m+fp/hard/libc_nano.a(libc_a-stdio.o)
                0x080017b6                __sseek
 .text.__sclose
                0x080017da        0x8 /home/yjy/apps/arm-gnu-toochain/bin/../lib/gcc/arm-none-eabi/13.3.1/../../../../arm-none-eabi/lib/thumb/v7e-m+fp/hard/libc_nano.a(libc_a-stdio.o)
                0x080017da                __sclose
 .text.quorem   0x080017e2      0x110 /home/yjy/apps/arm-gnu-toochain/bin/../lib/gcc/arm-none-eabi/13.3.1/../../../../arm-none-eabi/lib/thumb/v7e-m+fp/hard/libc_nano.a(libc_a-dtoa.o)
 *fill*         0x080018f2        0x6 
 .text._dtoa_r  0x080018f8      0xb74 /home/yjy/apps/arm-gnu-toochain/bin/../lib/gcc/arm-none-eabi/13.3.1/../../../../arm-none-eabi/lib/thumb/v7e-m+fp/hard/libc_nano.a(libc_a-dtoa.o)
                0x080018f8                _dtoa_r
 .text._lseek_r
                0x0800246c       0x24 /home/yjy/apps/arm-gnu-toochain/bin/../lib/gcc/arm-none-eabi/13.3.1/../../../../arm-none-eabi/lib/thumb/v7e-m+fp/hard/libc_nano.a(libc_a-lseekr.o)
                0x0800246c                _lseek_r
 .text._read_r  0x08002490       0x24 /home/yjy/apps/arm-gnu-toochain/bin/../lib/gcc/arm-none-eabi/13.3.1/../../../../arm-none-eabi/lib/thumb/v7e-m+fp/hard/libc_nano.a(libc_a-readr.o)
                0x08002490                _read_r
 .text._fwalk_sglue
                0x080024b4       0x3c /home/yjy/apps/arm-gnu-toochain/bin/../lib/gcc/arm-none-eabi/13.3.1/../../../../arm-none-eabi/lib/thumb/v7e-m+fp/hard/libc_nano.a(libc_a-fwalk.o)
                0x080024b4                _fwalk_sglue
 .text._write_r
                0x080024f0       0x24 /home/yjy/apps/arm-gnu-toochain/bin/../lib/gcc/arm-none-eabi/13.3.1/../../../../arm-none-eabi/lib/thumb/v7e-m+fp/hard/libc_nano.a(libc_a-writer.o)
                0x080024f0                _write_r
 .text.__ascii_wctomb
                0x08002514       0x1a /home/yjy/apps/arm-gnu-toochain/bin/../lib/gcc/arm-none-eabi/13.3.1/../../../../arm-none-eabi/lib/thumb/v7e-m+fp/hard/libc_nano.a(libc_a-wctomb_r.o)
                0x08002514                __ascii_wctomb
 .text.__retarget_lock_init_recursive
                0x0800252e        0x2 /home/yjy/apps/arm-gnu-toochain/bin/../lib/gcc/arm-none-eabi/13.3.1/../../../../arm-none-eabi/lib/thumb/v7e-m+fp/hard/libc_nano.a(libc_a-lock.o)
                0x0800252e                __retarget_lock_init_recursive
 .text.__retarget_lock_acquire_recursive
                0x08002530        0x2 /home/yjy/apps/arm-gnu-toochain/bin/../lib/gcc/arm-none-eabi/13.3.1/../../../../arm-none-eabi/lib/thumb/v7e-m+fp/hard/libc_nano.a(libc_a-lock.o)
                0x08002530                __retarget_lock_acquire_recursive
 .text.__retarget_lock_release_recursive
                0x08002532        0x2 /home/yjy/apps/arm-gnu-toochain/bin/../lib/gcc/arm-none-eabi/13.3.1/../../../../arm-none-eabi/lib/thumb/v7e-m+fp/hard/libc_nano.a(libc_a-lock.o)
                0x08002532                __retarget_lock_release_recursive
 .text.__sflush_r
                0x08002534      0x108 /home/yjy/apps/arm-gnu-toochain/bin/../lib/gcc/arm-none-eabi/13.3.1/../../../../arm-none-eabi/lib/thumb/v7e-m+fp/hard/libc_nano.a(libc_a-fflush.o)
                0x08002534                __sflush_r
 .text._fflush_r
                0x0800263c       0x50 /home/yjy/apps/arm-gnu-toochain/bin/../lib/gcc/arm-none-eabi/13.3.1/../../../../arm-none-eabi/lib/thumb/v7e-m+fp/hard/libc_nano.a(libc_a-fflush.o)
                0x0800263c                _fflush_r
 .text.malloc   0x0800268c       0x10 /home/yjy/apps/arm-gnu-toochain/bin/../lib/gcc/arm-none-eabi/13.3.1/../../../../arm-none-eabi/lib/thumb/v7e-m+fp/hard/libc_nano.a(libc_a-malloc.o)
                0x0800268c                malloc
 .text.sbrk_aligned
                0x0800269c       0x44 /home/yjy/apps/arm-gnu-toochain/bin/../lib/gcc/arm-none-eabi/13.3.1/../../../../arm-none-eabi/lib/thumb/v7e-m+fp/hard/libc_nano.a(libc_a-mallocr.o)
 .text._malloc_r
                0x080026e0      0x100 /home/yjy/apps/arm-gnu-toochain/bin/../lib/gcc/arm-none-eabi/13.3.1/../../../../arm-none-eabi/lib/thumb/v7e-m+fp/hard/libc_nano.a(libc_a-mallocr.o)
                0x080026e0                _malloc_r
 .text._close_r
                0x080027e0       0x20 /home/yjy/apps/arm-gnu-toochain/bin/../lib/gcc/arm-none-eabi/13.3.1/../../../../arm-none-eabi/lib/thumb/v7e-m+fp/hard/libc_nano.a(libc_a-closer.o)
                0x080027e0                _close_r
 .text.__ascii_mbtowc
                0x08002800       0x24 /home/yjy/apps/arm-gnu-toochain/bin/../lib/gcc/arm-none-eabi/13.3.1/../../../../arm-none-eabi/lib/thumb/v7e-m+fp/hard/libc_nano.a(libc_a-mbtowc_r.o)
                0x08002800                __ascii_mbtowc
 .text.__assert_func
                0x08002824       0x3c /home/yjy/apps/arm-gnu-toochain/bin/../lib/gcc/arm-none-eabi/13.3.1/../../../../arm-none-eabi/lib/thumb/v7e-m+fp/hard/libc_nano.a(libc_a-assert.o)
                0x08002824                __assert_func
 .text.memcpy   0x08002860       0x1c /home/yjy/apps/arm-gnu-toochain/bin/../lib/gcc/arm-none-eabi/13.3.1/../../../../arm-none-eabi/lib/thumb/v7e-m+fp/hard/libc_nano.a(libc_a-memcpy-stub.o)
                0x08002860                memcpy
 .text.fprintf  0x0800287c       0x24 /home/yjy/apps/arm-gnu-toochain/bin/../lib/gcc/arm-none-eabi/13.3.1/../../../../arm-none-eabi/lib/thumb/v7e-m+fp/hard/libc_nano.a(libc_a-fprintf.o)
                0x0800287c                fprintf
                0x0800287c                fiprintf
 .text.__malloc_lock
                0x080028a0        0xc /home/yjy/apps/arm-gnu-toochain/bin/../lib/gcc/arm-none-eabi/13.3.1/../../../../arm-none-eabi/lib/thumb/v7e-m+fp/hard/libc_nano.a(libc_a-mlock.o)
                0x080028a0                __malloc_lock
 .text.__malloc_unlock
                0x080028ac        0xc /home/yjy/apps/arm-gnu-toochain/bin/../lib/gcc/arm-none-eabi/13.3.1/../../../../arm-none-eabi/lib/thumb/v7e-m+fp/hard/libc_nano.a(libc_a-mlock.o)
                0x080028ac                __malloc_unlock
 .text._Balloc  0x080028b8       0x80 /home/yjy/apps/arm-gnu-toochain/bin/../lib/gcc/arm-none-eabi/13.3.1/../../../../arm-none-eabi/lib/thumb/v7e-m+fp/hard/libc_nano.a(libc_a-mprec.o)
                0x080028b8                _Balloc
 .text._Bfree   0x08002938       0x44 /home/yjy/apps/arm-gnu-toochain/bin/../lib/gcc/arm-none-eabi/13.3.1/../../../../arm-none-eabi/lib/thumb/v7e-m+fp/hard/libc_nano.a(libc_a-mprec.o)
                0x08002938                _Bfree
 .text.__multadd
                0x0800297c       0x8c /home/yjy/apps/arm-gnu-toochain/bin/../lib/gcc/arm-none-eabi/13.3.1/../../../../arm-none-eabi/lib/thumb/v7e-m+fp/hard/libc_nano.a(libc_a-mprec.o)
                0x0800297c                __multadd
 .text.__hi0bits
                0x08002a08       0x3e /home/yjy/apps/arm-gnu-toochain/bin/../lib/gcc/arm-none-eabi/13.3.1/../../../../arm-none-eabi/lib/thumb/v7e-m+fp/hard/libc_nano.a(libc_a-mprec.o)
                0x08002a08                __hi0bits
 .text.__lo0bits
                0x08002a46       0x5a /home/yjy/apps/arm-gnu-toochain/bin/../lib/gcc/arm-none-eabi/13.3.1/../../../../arm-none-eabi/lib/thumb/v7e-m+fp/hard/libc_nano.a(libc_a-mprec.o)
                0x08002a46                __lo0bits
 .text.__i2b    0x08002aa0       0x2c /home/yjy/apps/arm-gnu-toochain/bin/../lib/gcc/arm-none-eabi/13.3.1/../../../../arm-none-eabi/lib/thumb/v7e-m+fp/hard/libc_nano.a(libc_a-mprec.o)
                0x08002aa0                __i2b
 .text.__multiply
                0x08002acc      0x144 /home/yjy/apps/arm-gnu-toochain/bin/../lib/gcc/arm-none-eabi/13.3.1/../../../../arm-none-eabi/lib/thumb/v7e-m+fp/hard/libc_nano.a(libc_a-mprec.o)
                0x08002acc                __multiply
 .text.__pow5mult
                0x08002c10       0xb4 /home/yjy/apps/arm-gnu-toochain/bin/../lib/gcc/arm-none-eabi/13.3.1/../../../../arm-none-eabi/lib/thumb/v7e-m+fp/hard/libc_nano.a(libc_a-mprec.o)
                0x08002c10                __pow5mult
 .text.__lshift
                0x08002cc4       0xd8 /home/yjy/apps/arm-gnu-toochain/bin/../lib/gcc/arm-none-eabi/13.3.1/../../../../arm-none-eabi/lib/thumb/v7e-m+fp/hard/libc_nano.a(libc_a-mprec.o)
                0x08002cc4                __lshift
 .text.__mcmp   0x08002d9c       0x36 /home/yjy/apps/arm-gnu-toochain/bin/../lib/gcc/arm-none-eabi/13.3.1/../../../../arm-none-eabi/lib/thumb/v7e-m+fp/hard/libc_nano.a(libc_a-mprec.o)
                0x08002d9c                __mcmp
 *fill*         0x08002dd2        0x2 
 .text.__mdiff  0x08002dd4      0x128 /home/yjy/apps/arm-gnu-toochain/bin/../lib/gcc/arm-none-eabi/13.3.1/../../../../arm-none-eabi/lib/thumb/v7e-m+fp/hard/libc_nano.a(libc_a-mprec.o)
                0x08002dd4                __mdiff
 .text.__d2b    0x08002efc       0xb0 /home/yjy/apps/arm-gnu-toochain/bin/../lib/gcc/arm-none-eabi/13.3.1/../../../../arm-none-eabi/lib/thumb/v7e-m+fp/hard/libc_nano.a(libc_a-mprec.o)
                0x08002efc                __d2b
 .text._calloc_r
                0x08002fac       0x28 /home/yjy/apps/arm-gnu-toochain/bin/../lib/gcc/arm-none-eabi/13.3.1/../../../../arm-none-eabi/lib/thumb/v7e-m+fp/hard/libc_nano.a(libc_a-callocr.o)
                0x08002fac                _calloc_r
 .text._sbrk_r  0x08002fd4       0x20 /home/yjy/apps/arm-gnu-toochain/bin/../lib/gcc/arm-none-eabi/13.3.1/../../../../arm-none-eabi/lib/thumb/v7e-m+fp/hard/libc_nano.a(libc_a-sbrkr.o)
                0x08002fd4                _sbrk_r
 .text._free_r  0x08002ff4       0x94 /home/yjy/apps/arm-gnu-toochain/bin/../lib/gcc/arm-none-eabi/13.3.1/../../../../arm-none-eabi/lib/thumb/v7e-m+fp/hard/libc_nano.a(libc_a-freer.o)
                0x08002ff4                _free_r
 .text.__sfputc_r
                0x08003088       0x2e /home/yjy/apps/arm-gnu-toochain/bin/../lib/gcc/arm-none-eabi/13.3.1/../../../../arm-none-eabi/lib/thumb/v7e-m+fp/hard/libc_nano.a(libc_a-nano-vfprintf.o)
 .text.__sfputs_r
                0x080030b6       0x24 /home/yjy/apps/arm-gnu-toochain/bin/../lib/gcc/arm-none-eabi/13.3.1/../../../../arm-none-eabi/lib/thumb/v7e-m+fp/hard/libc_nano.a(libc_a-nano-vfprintf.o)
                0x080030b6                __sfputs_r
 *fill*         0x080030da        0x2 
 .text._vfprintf_r
                0x080030dc      0x230 /home/yjy/apps/arm-gnu-toochain/bin/../lib/gcc/arm-none-eabi/13.3.1/../../../../arm-none-eabi/lib/thumb/v7e-m+fp/hard/libc_nano.a(libc_a-nano-vfprintf.o)
                0x080030dc                _vfiprintf_r
                0x080030dc                _vfprintf_r
 .text.__swsetup_r
                0x0800330c       0xac /home/yjy/apps/arm-gnu-toochain/bin/../lib/gcc/arm-none-eabi/13.3.1/../../../../arm-none-eabi/lib/thumb/v7e-m+fp/hard/libc_nano.a(libc_a-wsetup.o)
                0x0800330c                __swsetup_r
 .text.abort    0x080033b8        0xe /home/yjy/apps/arm-gnu-toochain/bin/../lib/gcc/arm-none-eabi/13.3.1/../../../../arm-none-eabi/lib/thumb/v7e-m+fp/hard/libc_nano.a(libc_a-abort.o)
                0x080033b8                abort
 .text._raise_r
                0x080033c6       0x50 /home/yjy/apps/arm-gnu-toochain/bin/../lib/gcc/arm-none-eabi/13.3.1/../../../../arm-none-eabi/lib/thumb/v7e-m+fp/hard/libc_nano.a(libc_a-signal.o)
                0x080033c6                _raise_r
 *fill*         0x08003416        0x2 
 .text.raise    0x08003418       0x10 /home/yjy/apps/arm-gnu-toochain/bin/../lib/gcc/arm-none-eabi/13.3.1/../../../../arm-none-eabi/lib/thumb/v7e-m+fp/hard/libc_nano.a(libc_a-signal.o)
                0x08003418                raise
 .text._kill_r  0x08003428       0x24 /home/yjy/apps/arm-gnu-toochain/bin/../lib/gcc/arm-none-eabi/13.3.1/../../../../arm-none-eabi/lib/thumb/v7e-m+fp/hard/libc_nano.a(libc_a-signalr.o)
                0x08003428                _kill_r
 .text._getpid_r
                0x0800344c        0x4 /home/yjy/apps/arm-gnu-toochain/bin/../lib/gcc/arm-none-eabi/13.3.1/../../../../arm-none-eabi/lib/thumb/v7e-m+fp/hard/libc_nano.a(libc_a-signalr.o)
                0x0800344c                _getpid_r
 .text.__swbuf_r
                0x08003450       0x7c /home/yjy/apps/arm-gnu-toochain/bin/../lib/gcc/arm-none-eabi/13.3.1/../../../../arm-none-eabi/lib/thumb/v7e-m+fp/hard/libc_nano.a(libc_a-wbuf.o)
                0x08003450                __swbuf_r
 .text.__swhatbuf_r
                0x080034cc       0x4c /home/yjy/apps/arm-gnu-toochain/bin/../lib/gcc/arm-none-eabi/13.3.1/../../../../arm-none-eabi/lib/thumb/v7e-m+fp/hard/libc_nano.a(libc_a-makebuf.o)
                0x080034cc                __swhatbuf_r
 .text.__smakebuf_r
                0x08003518       0x78 /home/yjy/apps/arm-gnu-toochain/bin/../lib/gcc/arm-none-eabi/13.3.1/../../../../arm-none-eabi/lib/thumb/v7e-m+fp/hard/libc_nano.a(libc_a-makebuf.o)
                0x08003518                __smakebuf_r
 .text._fstat_r
                0x08003590       0x24 /home/yjy/apps/arm-gnu-toochain/bin/../lib/gcc/arm-none-eabi/13.3.1/../../../../arm-none-eabi/lib/thumb/v7e-m+fp/hard/libc_nano.a(libc_a-fstatr.o)
                0x08003590                _fstat_r
 .text._isatty_r
                0x080035b4       0x20 /home/yjy/apps/arm-gnu-toochain/bin/../lib/gcc/arm-none-eabi/13.3.1/../../../../arm-none-eabi/lib/thumb/v7e-m+fp/hard/libc_nano.a(libc_a-isattyr.o)
                0x080035b4                _isatty_r
 *fill*         0x080035d4        0x4 
 .text.ButterworthLPF_init
                0x080035d8      0x17c CMakeFiles/board_c.dir/robot/algorithm/lpf_filter.c.obj
                0x080035d8                ButterworthLPF_init
 .text.crc_ccitt_byte
                0x08003754       0x38 CMakeFiles/board_c.dir/robot/unitree/GO-M8010-6.c.obj
 .text.crc_ccitt
                0x0800378c       0x3e CMakeFiles/board_c.dir/robot/unitree/GO-M8010-6.c.obj
 *fill*         0x080037ca        0x2 
 .text.modify_data
                0x080037cc      0x268 CMakeFiles/board_c.dir/robot/unitree/GO-M8010-6.c.obj
                0x080037cc                modify_data
 .text.extract_data
                0x08003a34      0x10c CMakeFiles/board_c.dir/robot/unitree/GO-M8010-6.c.obj
                0x08003a34                extract_data
 .text.SERVO_Send_recv
                0x08003b40       0x98 CMakeFiles/board_c.dir/robot/unitree/GO-M8010-6.c.obj
                0x08003b40                SERVO_Send_recv
 .text.main     0x08003bd8       0xdc CMakeFiles/board_c.dir/Core/Src/main.c.obj
                0x08003bd8                main
 .text.SystemClock_Config
                0x08003cb4       0xd8 CMakeFiles/board_c.dir/Core/Src/main.c.obj
                0x08003cb4                SystemClock_Config
 .text.Error_Handler
                0x08003d8c        0xc CMakeFiles/board_c.dir/Core/Src/main.c.obj
                0x08003d8c                Error_Handler
 .text.MX_GPIO_Init
                0x08003d98       0xa4 CMakeFiles/board_c.dir/Core/Src/gpio.c.obj
                0x08003d98                MX_GPIO_Init
 .text.MX_DMA_Init
                0x08003e3c       0x40 CMakeFiles/board_c.dir/Core/Src/dma.c.obj
                0x08003e3c                MX_DMA_Init
 .text.MX_UART5_Init
                0x08003e7c       0x54 CMakeFiles/board_c.dir/Core/Src/usart.c.obj
                0x08003e7c                MX_UART5_Init
 .text.MX_USART1_UART_Init
                0x08003ed0       0x54 CMakeFiles/board_c.dir/Core/Src/usart.c.obj
                0x08003ed0                MX_USART1_UART_Init
 .text.HAL_UART_MspInit
                0x08003f24      0x1a4 CMakeFiles/board_c.dir/Core/Src/usart.c.obj
                0x08003f24                HAL_UART_MspInit
 .text.NMI_Handler
                0x080040c8        0x8 CMakeFiles/board_c.dir/Core/Src/stm32f4xx_it.c.obj
                0x080040c8                NMI_Handler
 .text.HardFault_Handler
                0x080040d0        0x8 CMakeFiles/board_c.dir/Core/Src/stm32f4xx_it.c.obj
                0x080040d0                HardFault_Handler
 .text.MemManage_Handler
                0x080040d8        0x8 CMakeFiles/board_c.dir/Core/Src/stm32f4xx_it.c.obj
                0x080040d8                MemManage_Handler
 .text.BusFault_Handler
                0x080040e0        0x8 CMakeFiles/board_c.dir/Core/Src/stm32f4xx_it.c.obj
                0x080040e0                BusFault_Handler
 .text.UsageFault_Handler
                0x080040e8        0x8 CMakeFiles/board_c.dir/Core/Src/stm32f4xx_it.c.obj
                0x080040e8                UsageFault_Handler
 .text.SVC_Handler
                0x080040f0        0xe CMakeFiles/board_c.dir/Core/Src/stm32f4xx_it.c.obj
                0x080040f0                SVC_Handler
 .text.DebugMon_Handler
                0x080040fe        0xe CMakeFiles/board_c.dir/Core/Src/stm32f4xx_it.c.obj
                0x080040fe                DebugMon_Handler
 .text.PendSV_Handler
                0x0800410c        0xe CMakeFiles/board_c.dir/Core/Src/stm32f4xx_it.c.obj
                0x0800410c                PendSV_Handler
 .text.SysTick_Handler
                0x0800411a        0xc CMakeFiles/board_c.dir/Core/Src/stm32f4xx_it.c.obj
                0x0800411a                SysTick_Handler
 *fill*         0x08004126        0x2 
 .text.DMA1_Stream7_IRQHandler
                0x08004128       0x14 CMakeFiles/board_c.dir/Core/Src/stm32f4xx_it.c.obj
                0x08004128                DMA1_Stream7_IRQHandler
 .text.HAL_MspInit
                0x0800413c       0x50 CMakeFiles/board_c.dir/Core/Src/stm32f4xx_hal_msp.c.obj
                0x0800413c                HAL_MspInit
 .text.HAL_UART_Init
                0x0800418c       0xa0 CMakeFiles/board_c.dir/Drivers/STM32F4xx_HAL_Driver/Src/stm32f4xx_hal_uart.c.obj
                0x0800418c                HAL_UART_Init
 .text.HAL_UART_Transmit
                0x0800422c      0x116 CMakeFiles/board_c.dir/Drivers/STM32F4xx_HAL_Driver/Src/stm32f4xx_hal_uart.c.obj
                0x0800422c                HAL_UART_Transmit
 .text.HAL_UARTEx_ReceiveToIdle
                0x08004342      0x1a8 CMakeFiles/board_c.dir/Drivers/STM32F4xx_HAL_Driver/Src/stm32f4xx_hal_uart.c.obj
                0x08004342                HAL_UARTEx_ReceiveToIdle
 .text.UART_WaitOnFlagUntilTimeout
                0x080044ea       0xb2 CMakeFiles/board_c.dir/Drivers/STM32F4xx_HAL_Driver/Src/stm32f4xx_hal_uart.c.obj
 .text.UART_EndRxTransfer
                0x0800459c       0xc6 CMakeFiles/board_c.dir/Drivers/STM32F4xx_HAL_Driver/Src/stm32f4xx_hal_uart.c.obj
 *fill*         0x08004662        0x2 
 .text.UART_SetConfig
                0x08004664      0x4e8 CMakeFiles/board_c.dir/Drivers/STM32F4xx_HAL_Driver/Src/stm32f4xx_hal_uart.c.obj
 .text.HAL_RCC_ClockConfig
                0x08004b4c      0x1cc CMakeFiles/board_c.dir/Drivers/STM32F4xx_HAL_Driver/Src/stm32f4xx_hal_rcc.c.obj
                0x08004b4c                HAL_RCC_ClockConfig
 .text.HAL_RCC_GetHCLKFreq
                0x08004d18       0x18 CMakeFiles/board_c.dir/Drivers/STM32F4xx_HAL_Driver/Src/stm32f4xx_hal_rcc.c.obj
                0x08004d18                HAL_RCC_GetHCLKFreq
 .text.HAL_RCC_GetPCLK1Freq
                0x08004d30       0x28 CMakeFiles/board_c.dir/Drivers/STM32F4xx_HAL_Driver/Src/stm32f4xx_hal_rcc.c.obj
                0x08004d30                HAL_RCC_GetPCLK1Freq
 .text.HAL_RCC_GetPCLK2Freq
                0x08004d58       0x28 CMakeFiles/board_c.dir/Drivers/STM32F4xx_HAL_Driver/Src/stm32f4xx_hal_rcc.c.obj
                0x08004d58                HAL_RCC_GetPCLK2Freq
 .text.HAL_RCC_GetSysClockFreq
                0x08004d80      0x354 CMakeFiles/board_c.dir/Drivers/STM32F4xx_HAL_Driver/Src/stm32f4xx_hal_rcc_ex.c.obj
                0x08004d80                HAL_RCC_GetSysClockFreq
 .text.HAL_RCC_OscConfig
                0x080050d4      0x53c CMakeFiles/board_c.dir/Drivers/STM32F4xx_HAL_Driver/Src/stm32f4xx_hal_rcc_ex.c.obj
                0x080050d4                HAL_RCC_OscConfig
 .text.HAL_GPIO_Init
                0x08005610      0x328 CMakeFiles/board_c.dir/Drivers/STM32F4xx_HAL_Driver/Src/stm32f4xx_hal_gpio.c.obj
                0x08005610                HAL_GPIO_Init
 .text.HAL_GPIO_WritePin
                0x08005938       0x32 CMakeFiles/board_c.dir/Drivers/STM32F4xx_HAL_Driver/Src/stm32f4xx_hal_gpio.c.obj
                0x08005938                HAL_GPIO_WritePin
 *fill*         0x0800596a        0x2 
 .text.HAL_DMA_Init
                0x0800596c      0x15c CMakeFiles/board_c.dir/Drivers/STM32F4xx_HAL_Driver/Src/stm32f4xx_hal_dma.c.obj
                0x0800596c                HAL_DMA_Init
 .text.HAL_DMA_IRQHandler
                0x08005ac8      0x314 CMakeFiles/board_c.dir/Drivers/STM32F4xx_HAL_Driver/Src/stm32f4xx_hal_dma.c.obj
                0x08005ac8                HAL_DMA_IRQHandler
 .text.DMA_CalcBaseAndBitshift
                0x08005ddc       0x6c CMakeFiles/board_c.dir/Drivers/STM32F4xx_HAL_Driver/Src/stm32f4xx_hal_dma.c.obj
 .text.DMA_CheckFifoParam
                0x08005e48       0xf8 CMakeFiles/board_c.dir/Drivers/STM32F4xx_HAL_Driver/Src/stm32f4xx_hal_dma.c.obj
 .text.__NVIC_SetPriorityGrouping
                0x08005f40       0x48 CMakeFiles/board_c.dir/Drivers/STM32F4xx_HAL_Driver/Src/stm32f4xx_hal_cortex.c.obj
 .text.__NVIC_GetPriorityGrouping
                0x08005f88       0x1c CMakeFiles/board_c.dir/Drivers/STM32F4xx_HAL_Driver/Src/stm32f4xx_hal_cortex.c.obj
 .text.__NVIC_EnableIRQ
                0x08005fa4       0x3c CMakeFiles/board_c.dir/Drivers/STM32F4xx_HAL_Driver/Src/stm32f4xx_hal_cortex.c.obj
 .text.__NVIC_SetPriority
                0x08005fe0       0x54 CMakeFiles/board_c.dir/Drivers/STM32F4xx_HAL_Driver/Src/stm32f4xx_hal_cortex.c.obj
 .text.NVIC_EncodePriority
                0x08006034       0x66 CMakeFiles/board_c.dir/Drivers/STM32F4xx_HAL_Driver/Src/stm32f4xx_hal_cortex.c.obj
 *fill*         0x0800609a        0x2 
 .text.SysTick_Config
                0x0800609c       0x44 CMakeFiles/board_c.dir/Drivers/STM32F4xx_HAL_Driver/Src/stm32f4xx_hal_cortex.c.obj
 .text.HAL_NVIC_SetPriorityGrouping
                0x080060e0       0x16 CMakeFiles/board_c.dir/Drivers/STM32F4xx_HAL_Driver/Src/stm32f4xx_hal_cortex.c.obj
                0x080060e0                HAL_NVIC_SetPriorityGrouping
 .text.HAL_NVIC_SetPriority
                0x080060f6       0x38 CMakeFiles/board_c.dir/Drivers/STM32F4xx_HAL_Driver/Src/stm32f4xx_hal_cortex.c.obj
                0x080060f6                HAL_NVIC_SetPriority
 .text.HAL_NVIC_EnableIRQ
                0x0800612e       0x1c CMakeFiles/board_c.dir/Drivers/STM32F4xx_HAL_Driver/Src/stm32f4xx_hal_cortex.c.obj
                0x0800612e                HAL_NVIC_EnableIRQ
 .text.HAL_SYSTICK_Config
                0x0800614a       0x18 CMakeFiles/board_c.dir/Drivers/STM32F4xx_HAL_Driver/Src/stm32f4xx_hal_cortex.c.obj
                0x0800614a                HAL_SYSTICK_Config
 *fill*         0x08006162        0x2 
 .text.HAL_Init
                0x08006164       0x44 CMakeFiles/board_c.dir/Drivers/STM32F4xx_HAL_Driver/Src/stm32f4xx_hal.c.obj
                0x08006164                HAL_Init
 .text.HAL_InitTick
                0x080061a8       0x60 CMakeFiles/board_c.dir/Drivers/STM32F4xx_HAL_Driver/Src/stm32f4xx_hal.c.obj
                0x080061a8                HAL_InitTick
 .text.HAL_IncTick
                0x08006208       0x28 CMakeFiles/board_c.dir/Drivers/STM32F4xx_HAL_Driver/Src/stm32f4xx_hal.c.obj
                0x08006208                HAL_IncTick
 .text.HAL_GetTick
                0x08006230       0x18 CMakeFiles/board_c.dir/Drivers/STM32F4xx_HAL_Driver/Src/stm32f4xx_hal.c.obj
                0x08006230                HAL_GetTick
 .text.HAL_Delay
                0x08006248       0x48 CMakeFiles/board_c.dir/Drivers/STM32F4xx_HAL_Driver/Src/stm32f4xx_hal.c.obj
                0x08006248                HAL_Delay
 .text.SystemInit
                0x08006290       0x24 CMakeFiles/board_c.dir/Core/Src/system_stm32f4xx.c.obj
                0x08006290                SystemInit
 .text._sbrk    0x080062b4       0x6c CMakeFiles/board_c.dir/Core/Src/sysmem.c.obj
                0x080062b4                _sbrk
 .text._getpid  0x08006320       0x10 CMakeFiles/board_c.dir/Core/Src/syscalls.c.obj
                0x08006320                _getpid
 .text._kill    0x08006330       0x20 CMakeFiles/board_c.dir/Core/Src/syscalls.c.obj
                0x08006330                _kill
 .text._exit    0x08006350       0x16 CMakeFiles/board_c.dir/Core/Src/syscalls.c.obj
                0x08006350                _exit
 .text._read    0x08006366       0x3a CMakeFiles/board_c.dir/Core/Src/syscalls.c.obj
                0x08006366                _read
 .text._write   0x080063a0       0x38 CMakeFiles/board_c.dir/Core/Src/syscalls.c.obj
                0x080063a0                _write
 .text._close   0x080063d8       0x18 CMakeFiles/board_c.dir/Core/Src/syscalls.c.obj
                0x080063d8                _close
 .text._fstat   0x080063f0       0x20 CMakeFiles/board_c.dir/Core/Src/syscalls.c.obj
                0x080063f0                _fstat
 .text._isatty  0x08006410       0x16 CMakeFiles/board_c.dir/Core/Src/syscalls.c.obj
                0x08006410                _isatty
 .text._lseek   0x08006426       0x1a CMakeFiles/board_c.dir/Core/Src/syscalls.c.obj
                0x08006426                _lseek
 .text.Reset_Handler
                0x08006440       0x50 CMakeFiles/board_c.dir/startup_stm32f446xx.s.obj
                0x08006440                Reset_Handler
 .text.Default_Handler
                0x08006490        0x2 CMakeFiles/board_c.dir/startup_stm32f446xx.s.obj
                0x08006490                RTC_Alarm_IRQHandler
                0x08006490                EXTI2_IRQHandler
                0x08006490                TIM8_CC_IRQHandler
                0x08006490                FMPI2C1_EV_IRQHandler
                0x08006490                SPI4_IRQHandler
                0x08006490                TIM1_CC_IRQHandler
                0x08006490                DMA2_Stream5_IRQHandler
                0x08006490                DMA1_Stream5_IRQHandler
                0x08006490                PVD_IRQHandler
                0x08006490                SDIO_IRQHandler
                0x08006490                TAMP_STAMP_IRQHandler
                0x08006490                CAN2_RX1_IRQHandler
                0x08006490                EXTI3_IRQHandler
                0x08006490                TIM8_TRG_COM_TIM14_IRQHandler
                0x08006490                TIM1_UP_TIM10_IRQHandler
                0x08006490                TIM8_UP_TIM13_IRQHandler
                0x08006490                I2C3_ER_IRQHandler
                0x08006490                EXTI0_IRQHandler
                0x08006490                I2C2_EV_IRQHandler
                0x08006490                DMA1_Stream2_IRQHandler
                0x08006490                CAN1_RX0_IRQHandler
                0x08006490                FPU_IRQHandler
                0x08006490                OTG_HS_WKUP_IRQHandler
                0x08006490                CAN2_SCE_IRQHandler
                0x08006490                DMA2_Stream2_IRQHandler
                0x08006490                SPI1_IRQHandler
                0x08006490                TIM6_DAC_IRQHandler
                0x08006490                TIM1_BRK_TIM9_IRQHandler
                0x08006490                DCMI_IRQHandler
                0x08006490                CAN2_RX0_IRQHandler
                0x08006490                DMA2_Stream3_IRQHandler
                0x08006490                SAI2_IRQHandler
                0x08006490                USART6_IRQHandler
                0x08006490                USART3_IRQHandler
                0x08006490                CAN1_RX1_IRQHandler
                0x08006490                UART5_IRQHandler
                0x08006490                DMA2_Stream0_IRQHandler
                0x08006490                TIM4_IRQHandler
                0x08006490                QUADSPI_IRQHandler
                0x08006490                I2C1_EV_IRQHandler
                0x08006490                DMA1_Stream6_IRQHandler
                0x08006490                DMA1_Stream1_IRQHandler
                0x08006490                UART4_IRQHandler
                0x08006490                TIM3_IRQHandler
                0x08006490                RCC_IRQHandler
                0x08006490                TIM8_BRK_TIM12_IRQHandler
                0x08006490                Default_Handler
                0x08006490                CEC_IRQHandler
                0x08006490                EXTI15_10_IRQHandler
                0x08006490                ADC_IRQHandler
                0x08006490                TIM7_IRQHandler
                0x08006490                CAN2_TX_IRQHandler
                0x08006490                TIM5_IRQHandler
                0x08006490                DMA2_Stream7_IRQHandler
                0x08006490                I2C3_EV_IRQHandler
                0x08006490                EXTI9_5_IRQHandler
                0x08006490                RTC_WKUP_IRQHandler
                0x08006490                SPDIF_RX_IRQHandler
                0x08006490                SPI2_IRQHandler
                0x08006490                OTG_HS_EP1_IN_IRQHandler
                0x08006490                DMA1_Stream0_IRQHandler
                0x08006490                CAN1_TX_IRQHandler
                0x08006490                FMPI2C1_ER_IRQHandler
                0x08006490                EXTI4_IRQHandler
                0x08006490                OTG_HS_EP1_OUT_IRQHandler
                0x08006490                WWDG_IRQHandler
                0x08006490                TIM2_IRQHandler
                0x08006490                OTG_FS_WKUP_IRQHandler
                0x08006490                TIM1_TRG_COM_TIM11_IRQHandler
                0x08006490                OTG_HS_IRQHandler
                0x08006490                EXTI1_IRQHandler
                0x08006490                USART2_IRQHandler
                0x08006490                I2C2_ER_IRQHandler
                0x08006490                DMA2_Stream1_IRQHandler
                0x08006490                CAN1_SCE_IRQHandler
                0x08006490                FLASH_IRQHandler
                0x08006490                DMA2_Stream4_IRQHandler
                0x08006490                USART1_IRQHandler
                0x08006490                OTG_FS_IRQHandler
                0x08006490                SPI3_IRQHandler
                0x08006490                DMA1_Stream4_IRQHandler
                0x08006490                I2C1_ER_IRQHandler
                0x08006490                FMC_IRQHandler
                0x08006490                DMA2_Stream6_IRQHandler
                0x08006490                SAI1_IRQHandler
                0x08006490                DMA1_Stream3_IRQHandler
 *fill*         0x08006492        0x2 
 .text.__udivmoddi4
                0x08006494      0x2bc /home/yjy/apps/arm-gnu-toochain/bin/../lib/gcc/arm-none-eabi/13.3.1/thumb/v7e-m+fp/hard/libgcc.a(_udivmoddi4.o)
                0x08006494                __udivmoddi4
 .text.__errno  0x08006750        0xc /home/yjy/apps/arm-gnu-toochain/bin/../lib/gcc/arm-none-eabi/13.3.1/../../../../arm-none-eabi/lib/thumb/v7e-m+fp/hard/libg_nano.a(libc_a-errno.o)
                0x08006750                __errno
 .text.sinf     0x0800675c       0x74 /home/yjy/apps/arm-gnu-toochain/bin/../lib/gcc/arm-none-eabi/13.3.1/../../../../arm-none-eabi/lib/thumb/v7e-m+fp/hard/libm.a(libm_a-sf_sin.o)
                0x0800675c                sinf
 .text.__kernel_cosf
                0x080067d0      0x104 /home/yjy/apps/arm-gnu-toochain/bin/../lib/gcc/arm-none-eabi/13.3.1/../../../../arm-none-eabi/lib/thumb/v7e-m+fp/hard/libm.a(libm_a-kf_cos.o)
                0x080067d0                __kernel_cosf
 .text.__kernel_sinf
                0x080068d4       0x90 /home/yjy/apps/arm-gnu-toochain/bin/../lib/gcc/arm-none-eabi/13.3.1/../../../../arm-none-eabi/lib/thumb/v7e-m+fp/hard/libm.a(libm_a-kf_sin.o)
                0x080068d4                __kernel_sinf
 .text.__ieee754_rem_pio2f
                0x08006964      0x260 /home/yjy/apps/arm-gnu-toochain/bin/../lib/gcc/arm-none-eabi/13.3.1/../../../../arm-none-eabi/lib/thumb/v7e-m+fp/hard/libm.a(libm_a-ef_rem_pio2.o)
                0x08006964                __ieee754_rem_pio2f
 .text.cosf     0x08006bc4       0x70 /home/yjy/apps/arm-gnu-toochain/bin/../lib/gcc/arm-none-eabi/13.3.1/../../../../arm-none-eabi/lib/thumb/v7e-m+fp/hard/libm.a(libm_a-sf_cos.o)
                0x08006bc4                cosf
 .text.fabsf    0x08006c34       0x10 /home/yjy/apps/arm-gnu-toochain/bin/../lib/gcc/arm-none-eabi/13.3.1/../../../../arm-none-eabi/lib/thumb/v7e-m+fp/hard/libm.a(libm_a-sf_fabs.o)
                0x08006c34                fabsf
 .text.__kernel_rem_pio2f
                0x08006c44      0x63c /home/yjy/apps/arm-gnu-toochain/bin/../lib/gcc/arm-none-eabi/13.3.1/../../../../arm-none-eabi/lib/thumb/v7e-m+fp/hard/libm.a(libm_a-kf_rem_pio2.o)
                0x08006c44                __kernel_rem_pio2f
 .text.floorf   0x08007280       0x94 /home/yjy/apps/arm-gnu-toochain/bin/../lib/gcc/arm-none-eabi/13.3.1/../../../../arm-none-eabi/lib/thumb/v7e-m+fp/hard/libm.a(libm_a-sf_floor.o)
                0x08007280                floorf
 .text.scalbnf  0x08007314       0xe4 /home/yjy/apps/arm-gnu-toochain/bin/../lib/gcc/arm-none-eabi/13.3.1/../../../../arm-none-eabi/lib/thumb/v7e-m+fp/hard/libm.a(libm_a-sf_scalbn.o)
                0x08007314                scalbnf
 *(.glue_7)
 .glue_7        0x080073f8        0x0 linker stubs
 *(.glue_7t)
 .glue_7t       0x080073f8        0x0 linker stubs
 *(.eh_frame)
 .eh_frame      0x080073f8        0x0 /home/yjy/apps/arm-gnu-toochain/bin/../lib/gcc/arm-none-eabi/13.3.1/thumb/v7e-m+fp/hard/crtbegin.o
 *(.init)
 .init          0x080073f8        0x4 /home/yjy/apps/arm-gnu-toochain/bin/../lib/gcc/arm-none-eabi/13.3.1/thumb/v7e-m+fp/hard/crti.o
                0x080073f8                _init
 .init          0x080073fc        0x8 /home/yjy/apps/arm-gnu-toochain/bin/../lib/gcc/arm-none-eabi/13.3.1/thumb/v7e-m+fp/hard/crtn.o
 *(.fini)
 .fini          0x08007404        0x4 /home/yjy/apps/arm-gnu-toochain/bin/../lib/gcc/arm-none-eabi/13.3.1/thumb/v7e-m+fp/hard/crti.o
                0x08007404                _fini
 .fini          0x08007408        0x8 /home/yjy/apps/arm-gnu-toochain/bin/../lib/gcc/arm-none-eabi/13.3.1/thumb/v7e-m+fp/hard/crtn.o
                0x08007410                        . = ALIGN (0x4)
                0x08007410                        _etext = .

.vfp11_veneer   0x08007410        0x0
 .vfp11_veneer  0x08007410        0x0 linker stubs

.v4_bx          0x08007410        0x0
 .v4_bx         0x08007410        0x0 linker stubs

.iplt           0x08007410        0x0
 .iplt          0x08007410        0x0 /home/yjy/apps/arm-gnu-toochain/bin/../lib/gcc/arm-none-eabi/13.3.1/thumb/v7e-m+fp/hard/crtbegin.o

.rodata         0x08007410      0x964
                0x08007410                        . = ALIGN (0x4)
 *(.rodata)
 *(.rodata*)
 .rodata._printf_float.str1.1
                0x08007410      0x173 /home/yjy/apps/arm-gnu-toochain/bin/../lib/gcc/arm-none-eabi/13.3.1/../../../../arm-none-eabi/lib/thumb/v7e-m+fp/hard/libc_nano.a(libc_a-nano-vfprintf_float.o)
                                 0x12 (size before relaxing)
 .rodata._printf_i.str1.1
                0x08007583       0x22 /home/yjy/apps/arm-gnu-toochain/bin/../lib/gcc/arm-none-eabi/13.3.1/../../../../arm-none-eabi/lib/thumb/v7e-m+fp/hard/libc_nano.a(libc_a-nano-vfprintf_i.o)
 .rodata._dtoa_r.str1.1
                0x08007583       0x90 /home/yjy/apps/arm-gnu-toochain/bin/../lib/gcc/arm-none-eabi/13.3.1/../../../../arm-none-eabi/lib/thumb/v7e-m+fp/hard/libc_nano.a(libc_a-dtoa.o)
 .rodata._setlocale_r.str1.1
                0x08007583        0x9 /home/yjy/apps/arm-gnu-toochain/bin/../lib/gcc/arm-none-eabi/13.3.1/../../../../arm-none-eabi/lib/thumb/v7e-m+fp/hard/libc_nano.a(libc_a-locale.o)
 .rodata.str1.1
                0x08007583        0x2 /home/yjy/apps/arm-gnu-toochain/bin/../lib/gcc/arm-none-eabi/13.3.1/../../../../arm-none-eabi/lib/thumb/v7e-m+fp/hard/libc_nano.a(libc_a-locale.o)
 .rodata.__assert_func.str1.1
                0x08007583       0x3d /home/yjy/apps/arm-gnu-toochain/bin/../lib/gcc/arm-none-eabi/13.3.1/../../../../arm-none-eabi/lib/thumb/v7e-m+fp/hard/libc_nano.a(libc_a-assert.o)
 .rodata._Balloc.str1.1
                0x08007583       0x71 /home/yjy/apps/arm-gnu-toochain/bin/../lib/gcc/arm-none-eabi/13.3.1/../../../../arm-none-eabi/lib/thumb/v7e-m+fp/hard/libc_nano.a(libc_a-mprec.o)
 .rodata.__multadd.str1.1
                0x08007583       0x11 /home/yjy/apps/arm-gnu-toochain/bin/../lib/gcc/arm-none-eabi/13.3.1/../../../../arm-none-eabi/lib/thumb/v7e-m+fp/hard/libc_nano.a(libc_a-mprec.o)
 *fill*         0x08007583        0x1 
 .rodata.p05.0  0x08007584        0xc /home/yjy/apps/arm-gnu-toochain/bin/../lib/gcc/arm-none-eabi/13.3.1/../../../../arm-none-eabi/lib/thumb/v7e-m+fp/hard/libc_nano.a(libc_a-mprec.o)
 .rodata.__mprec_bigtens
                0x08007590       0x28 /home/yjy/apps/arm-gnu-toochain/bin/../lib/gcc/arm-none-eabi/13.3.1/../../../../arm-none-eabi/lib/thumb/v7e-m+fp/hard/libc_nano.a(libc_a-mprec.o)
                0x08007590                __mprec_bigtens
 .rodata.__mprec_tens
                0x080075b8       0xc8 /home/yjy/apps/arm-gnu-toochain/bin/../lib/gcc/arm-none-eabi/13.3.1/../../../../arm-none-eabi/lib/thumb/v7e-m+fp/hard/libc_nano.a(libc_a-mprec.o)
                0x080075b8                __mprec_tens
 .rodata._ctype_
                0x08007680      0x101 /home/yjy/apps/arm-gnu-toochain/bin/../lib/gcc/arm-none-eabi/13.3.1/../../../../arm-none-eabi/lib/thumb/v7e-m+fp/hard/libc_nano.a(libc_a-ctype_.o)
                0x08007680                _ctype_
 .rodata._vfprintf_r.str1.1
                0x08007781       0x11 /home/yjy/apps/arm-gnu-toochain/bin/../lib/gcc/arm-none-eabi/13.3.1/../../../../arm-none-eabi/lib/thumb/v7e-m+fp/hard/libc_nano.a(libc_a-nano-vfprintf.o)
 *fill*         0x08007781        0x3 
 .rodata.crc_ccitt_table
                0x08007784      0x200 CMakeFiles/board_c.dir/robot/unitree/GO-M8010-6.c.obj
                0x08007784                crc_ccitt_table
 .rodata.flagBitshiftOffset.0
                0x08007984        0x8 CMakeFiles/board_c.dir/Drivers/STM32F4xx_HAL_Driver/Src/stm32f4xx_hal_dma.c.obj
 .rodata.AHBPrescTable
                0x0800798c       0x10 CMakeFiles/board_c.dir/Core/Src/system_stm32f4xx.c.obj
                0x0800798c                AHBPrescTable
 .rodata.APBPrescTable
                0x0800799c        0x8 CMakeFiles/board_c.dir/Core/Src/system_stm32f4xx.c.obj
                0x0800799c                APBPrescTable
 .rodata.npio2_hw
                0x080079a4       0x80 /home/yjy/apps/arm-gnu-toochain/bin/../lib/gcc/arm-none-eabi/13.3.1/../../../../arm-none-eabi/lib/thumb/v7e-m+fp/hard/libm.a(libm_a-ef_rem_pio2.o)
 .rodata.two_over_pi
                0x08007a24      0x318 /home/yjy/apps/arm-gnu-toochain/bin/../lib/gcc/arm-none-eabi/13.3.1/../../../../arm-none-eabi/lib/thumb/v7e-m+fp/hard/libm.a(libm_a-ef_rem_pio2.o)
 .rodata.PIo2   0x08007d3c       0x2c /home/yjy/apps/arm-gnu-toochain/bin/../lib/gcc/arm-none-eabi/13.3.1/../../../../arm-none-eabi/lib/thumb/v7e-m+fp/hard/libm.a(libm_a-kf_rem_pio2.o)
 .rodata.init_jk
                0x08007d68        0xc /home/yjy/apps/arm-gnu-toochain/bin/../lib/gcc/arm-none-eabi/13.3.1/../../../../arm-none-eabi/lib/thumb/v7e-m+fp/hard/libm.a(libm_a-kf_rem_pio2.o)
                0x08007d74                        . = ALIGN (0x4)

.ARM.extab
 *(.ARM.extab* .gnu.linkonce.armextab.*)

.ARM            0x08007d74        0x8
                0x08007d74                        __exidx_start = .
 *(.ARM.exidx*)
 .ARM.exidx     0x08007d74        0x8 /home/yjy/apps/arm-gnu-toochain/bin/../lib/gcc/arm-none-eabi/13.3.1/../../../../arm-none-eabi/lib/thumb/v7e-m+fp/hard/libc_nano.a(libc_a-memchr.o)
 .ARM.exidx     0x08007d7c        0x0 /home/yjy/apps/arm-gnu-toochain/bin/../lib/gcc/arm-none-eabi/13.3.1/../../../../arm-none-eabi/lib/thumb/v7e-m+fp/hard/libc_nano.a(libc_a-strlen.o)
                                  0x8 (size before relaxing)
 .ARM.exidx.text.__udivmoddi4
                0x08007d7c        0x0 /home/yjy/apps/arm-gnu-toochain/bin/../lib/gcc/arm-none-eabi/13.3.1/thumb/v7e-m+fp/hard/libgcc.a(_udivmoddi4.o)
                                  0x8 (size before relaxing)
                0x08007d7c                        __exidx_end = .

.rel.dyn        0x08007d7c        0x0
 .rel.iplt      0x08007d7c        0x0 /home/yjy/apps/arm-gnu-toochain/bin/../lib/gcc/arm-none-eabi/13.3.1/thumb/v7e-m+fp/hard/crtbegin.o

.preinit_array  0x08007d7c        0x0
                0x08007d7c                        PROVIDE (__preinit_array_start = .)
 *(.preinit_array*)
                0x08007d7c                        PROVIDE (__preinit_array_end = .)

.init_array     0x08007d7c        0x4
                0x08007d7c                        PROVIDE (__init_array_start = .)
 *(SORT_BY_NAME(.init_array.*))
 *(.init_array*)
 .init_array    0x08007d7c        0x4 /home/yjy/apps/arm-gnu-toochain/bin/../lib/gcc/arm-none-eabi/13.3.1/thumb/v7e-m+fp/hard/crtbegin.o
                0x08007d80                        PROVIDE (__init_array_end = .)

.fini_array     0x08007d80        0x4
                [!provide]                        PROVIDE (__fini_array_start = .)
 *(SORT_BY_NAME(.fini_array.*))
 *(.fini_array*)
 .fini_array    0x08007d80        0x4 /home/yjy/apps/arm-gnu-toochain/bin/../lib/gcc/arm-none-eabi/13.3.1/thumb/v7e-m+fp/hard/crtbegin.o
                [!provide]                        PROVIDE (__fini_array_end = .)
                0x08007d84                        _sidata = LOADADDR (.data)

.data           0x20000000      0x1d4 load address 0x08007d84
                0x20000000                        . = ALIGN (0x4)
                0x20000000                        _sdata = .
 *(.data)
 *(.data*)
 .data.__sglue  0x20000000        0xc /home/yjy/apps/arm-gnu-toochain/bin/../lib/gcc/arm-none-eabi/13.3.1/../../../../arm-none-eabi/lib/thumb/v7e-m+fp/hard/libc_nano.a(libc_a-findfp.o)
                0x20000000                __sglue
 .data.__global_locale
                0x2000000c      0x16c /home/yjy/apps/arm-gnu-toochain/bin/../lib/gcc/arm-none-eabi/13.3.1/../../../../arm-none-eabi/lib/thumb/v7e-m+fp/hard/libc_nano.a(libc_a-locale.o)
                0x2000000c                __global_locale
 .data._impure_ptr
                0x20000178        0x4 /home/yjy/apps/arm-gnu-toochain/bin/../lib/gcc/arm-none-eabi/13.3.1/../../../../arm-none-eabi/lib/thumb/v7e-m+fp/hard/libc_nano.a(libc_a-impure.o)
                0x20000178                _impure_ptr
 .data._impure_data
                0x2000017c       0x4c /home/yjy/apps/arm-gnu-toochain/bin/../lib/gcc/arm-none-eabi/13.3.1/../../../../arm-none-eabi/lib/thumb/v7e-m+fp/hard/libc_nano.a(libc_a-impure.o)
                0x2000017c                _impure_data
 .data.uwTickPrio
                0x200001c8        0x4 CMakeFiles/board_c.dir/Drivers/STM32F4xx_HAL_Driver/Src/stm32f4xx_hal.c.obj
                0x200001c8                uwTickPrio
 .data.uwTickFreq
                0x200001cc        0x1 CMakeFiles/board_c.dir/Drivers/STM32F4xx_HAL_Driver/Src/stm32f4xx_hal.c.obj
                0x200001cc                uwTickFreq
 *fill*         0x200001cd        0x3 
 .data.SystemCoreClock
                0x200001d0        0x4 CMakeFiles/board_c.dir/Core/Src/system_stm32f4xx.c.obj
                0x200001d0                SystemCoreClock
                0x200001d4                        . = ALIGN (0x4)
                0x200001d4                        _edata = .

.tm_clone_table
                0x200001d4        0x0 load address 0x08007f58
 .tm_clone_table
                0x200001d4        0x0 /home/yjy/apps/arm-gnu-toochain/bin/../lib/gcc/arm-none-eabi/13.3.1/thumb/v7e-m+fp/hard/crtbegin.o
 .tm_clone_table
                0x200001d4        0x0 /home/yjy/apps/arm-gnu-toochain/bin/../lib/gcc/arm-none-eabi/13.3.1/thumb/v7e-m+fp/hard/crtend.o

.igot.plt       0x200001d4        0x0 load address 0x08007f58
 .igot.plt      0x200001d4        0x0 /home/yjy/apps/arm-gnu-toochain/bin/../lib/gcc/arm-none-eabi/13.3.1/thumb/v7e-m+fp/hard/crtbegin.o
                0x200001d4                        . = ALIGN (0x4)

.bss            0x200001d8      0x318 load address 0x08007f58
                0x200001d8                        _sbss = .
                0x200001d8                        __bss_start__ = _sbss
 *(.bss)
 *(.bss*)
 .bss.completed.1
                0x200001d8        0x1 /home/yjy/apps/arm-gnu-toochain/bin/../lib/gcc/arm-none-eabi/13.3.1/thumb/v7e-m+fp/hard/crtbegin.o
 *fill*         0x200001d9        0x3 
 .bss.object.0  0x200001dc       0x18 /home/yjy/apps/arm-gnu-toochain/bin/../lib/gcc/arm-none-eabi/13.3.1/thumb/v7e-m+fp/hard/crtbegin.o
 .bss.__sf      0x200001f4      0x138 /home/yjy/apps/arm-gnu-toochain/bin/../lib/gcc/arm-none-eabi/13.3.1/../../../../arm-none-eabi/lib/thumb/v7e-m+fp/hard/libc_nano.a(libc_a-findfp.o)
                0x200001f4                __sf
 .bss.__stdio_exit_handler
                0x2000032c        0x4 /home/yjy/apps/arm-gnu-toochain/bin/../lib/gcc/arm-none-eabi/13.3.1/../../../../arm-none-eabi/lib/thumb/v7e-m+fp/hard/libc_nano.a(libc_a-findfp.o)
                0x2000032c                __stdio_exit_handler
 .bss.__lock___malloc_recursive_mutex
                0x20000330        0x1 /home/yjy/apps/arm-gnu-toochain/bin/../lib/gcc/arm-none-eabi/13.3.1/../../../../arm-none-eabi/lib/thumb/v7e-m+fp/hard/libc_nano.a(libc_a-lock.o)
                0x20000330                __lock___malloc_recursive_mutex
 .bss.__lock___sfp_recursive_mutex
                0x20000331        0x1 /home/yjy/apps/arm-gnu-toochain/bin/../lib/gcc/arm-none-eabi/13.3.1/../../../../arm-none-eabi/lib/thumb/v7e-m+fp/hard/libc_nano.a(libc_a-lock.o)
                0x20000331                __lock___sfp_recursive_mutex
 *fill*         0x20000332        0x2 
 .bss.__malloc_sbrk_start
                0x20000334        0x4 /home/yjy/apps/arm-gnu-toochain/bin/../lib/gcc/arm-none-eabi/13.3.1/../../../../arm-none-eabi/lib/thumb/v7e-m+fp/hard/libc_nano.a(libc_a-mallocr.o)
                0x20000334                __malloc_sbrk_start
 .bss.__malloc_free_list
                0x20000338        0x4 /home/yjy/apps/arm-gnu-toochain/bin/../lib/gcc/arm-none-eabi/13.3.1/../../../../arm-none-eabi/lib/thumb/v7e-m+fp/hard/libc_nano.a(libc_a-mallocr.o)
                0x20000338                __malloc_free_list
 .bss.errno     0x2000033c        0x4 /home/yjy/apps/arm-gnu-toochain/bin/../lib/gcc/arm-none-eabi/13.3.1/../../../../arm-none-eabi/lib/thumb/v7e-m+fp/hard/libc_nano.a(libc_a-reent.o)
                0x2000033c                errno
 .bss.rxlen     0x20000340        0x2 CMakeFiles/board_c.dir/robot/unitree/GO-M8010-6.c.obj
                0x20000340                rxlen
 *fill*         0x20000342        0x6 
 .bss.cmd_pitch
                0x20000348       0x40 CMakeFiles/board_c.dir/Core/Src/main.c.obj
                0x20000348                cmd_pitch
 .bss.data_pitch
                0x20000388       0x40 CMakeFiles/board_c.dir/Core/Src/main.c.obj
                0x20000388                data_pitch
 .bss.butter_t  0x200003c8       0x28 CMakeFiles/board_c.dir/Core/Src/main.c.obj
                0x200003c8                butter_t
 .bss.butter_tmp
                0x200003f0        0x4 CMakeFiles/board_c.dir/Core/Src/main.c.obj
                0x200003f0                butter_tmp
 .bss.butter_tmp1
                0x200003f4        0x4 CMakeFiles/board_c.dir/Core/Src/main.c.obj
                0x200003f4                butter_tmp1
 .bss.huart5    0x200003f8       0x48 CMakeFiles/board_c.dir/Core/Src/usart.c.obj
                0x200003f8                huart5
 .bss.huart1    0x20000440       0x48 CMakeFiles/board_c.dir/Core/Src/usart.c.obj
                0x20000440                huart1
 .bss.hdma_uart5_tx
                0x20000488       0x60 CMakeFiles/board_c.dir/Core/Src/usart.c.obj
                0x20000488                hdma_uart5_tx
 .bss.uwTick    0x200004e8        0x4 CMakeFiles/board_c.dir/Drivers/STM32F4xx_HAL_Driver/Src/stm32f4xx_hal.c.obj
                0x200004e8                uwTick
 .bss.__sbrk_heap_end
                0x200004ec        0x4 CMakeFiles/board_c.dir/Core/Src/sysmem.c.obj
 *(COMMON)
                0x200004f0                        . = ALIGN (0x4)
                0x200004f0                        _ebss = .
                0x200004f0                        __bss_end__ = _ebss

._user_heap_stack
                0x200004f0      0x600 load address 0x08007f58
                0x200004f0                        . = ALIGN (0x8)
                [!provide]                        PROVIDE (end = .)
                0x200004f0                        PROVIDE (_end = .)
                0x200006f0                        . = (. + _Min_Heap_Size)
 *fill*         0x200004f0      0x200 
                0x20000af0                        . = (. + _Min_Stack_Size)
 *fill*         0x200006f0      0x400 
                0x20000af0                        . = ALIGN (0x8)

/DISCARD/
 libc.a(*)
 libm.a(*)
 libgcc.a(*)

.ARM.attributes
                0x00000000       0x30
 *(.ARM.attributes)
 .ARM.attributes
                0x00000000       0x22 /home/yjy/apps/arm-gnu-toochain/bin/../lib/gcc/arm-none-eabi/13.3.1/thumb/v7e-m+fp/hard/crti.o
 .ARM.attributes
                0x00000022       0x34 /home/yjy/apps/arm-gnu-toochain/bin/../lib/gcc/arm-none-eabi/13.3.1/thumb/v7e-m+fp/hard/crtbegin.o
 .ARM.attributes
                0x00000056       0x34 /home/yjy/apps/arm-gnu-toochain/bin/../lib/gcc/arm-none-eabi/13.3.1/../../../../arm-none-eabi/lib/thumb/v7e-m+fp/hard/libc_nano.a(libc_a-init.o)
 .ARM.attributes
                0x0000008a       0x34 /home/yjy/apps/arm-gnu-toochain/bin/../lib/gcc/arm-none-eabi/13.3.1/../../../../arm-none-eabi/lib/thumb/v7e-m+fp/hard/libc_nano.a(libc_a-nano-vfprintf_float.o)
 .ARM.attributes
                0x000000be       0x34 /home/yjy/apps/arm-gnu-toochain/bin/../lib/gcc/arm-none-eabi/13.3.1/../../../../arm-none-eabi/lib/thumb/v7e-m+fp/hard/libc_nano.a(libc_a-memset.o)
 .ARM.attributes
                0x000000f2       0x34 /home/yjy/apps/arm-gnu-toochain/bin/../lib/gcc/arm-none-eabi/13.3.1/../../../../arm-none-eabi/lib/thumb/v7e-m+fp/hard/libc_nano.a(libc_a-localeconv.o)
 .ARM.attributes
                0x00000126       0x34 /home/yjy/apps/arm-gnu-toochain/bin/../lib/gcc/arm-none-eabi/13.3.1/../../../../arm-none-eabi/lib/thumb/v7e-m+fp/hard/libc_nano.a(libc_a-nano-vfprintf_i.o)
 .ARM.attributes
                0x0000015a       0x1c /home/yjy/apps/arm-gnu-toochain/bin/../lib/gcc/arm-none-eabi/13.3.1/../../../../arm-none-eabi/lib/thumb/v7e-m+fp/hard/libc_nano.a(libc_a-memchr.o)
 .ARM.attributes
                0x00000176       0x17 /home/yjy/apps/arm-gnu-toochain/bin/../lib/gcc/arm-none-eabi/13.3.1/../../../../arm-none-eabi/lib/thumb/v7e-m+fp/hard/libc_nano.a(libc_a-strlen.o)
 .ARM.attributes
                0x0000018d       0x34 /home/yjy/apps/arm-gnu-toochain/bin/../lib/gcc/arm-none-eabi/13.3.1/../../../../arm-none-eabi/lib/thumb/v7e-m+fp/hard/libc_nano.a(libc_a-findfp.o)
 .ARM.attributes
                0x000001c1       0x34 /home/yjy/apps/arm-gnu-toochain/bin/../lib/gcc/arm-none-eabi/13.3.1/../../../../arm-none-eabi/lib/thumb/v7e-m+fp/hard/libc_nano.a(libc_a-stdio.o)
 .ARM.attributes
                0x000001f5       0x34 /home/yjy/apps/arm-gnu-toochain/bin/../lib/gcc/arm-none-eabi/13.3.1/../../../../arm-none-eabi/lib/thumb/v7e-m+fp/hard/libc_nano.a(libc_a-dtoa.o)
 .ARM.attributes
                0x00000229       0x34 /home/yjy/apps/arm-gnu-toochain/bin/../lib/gcc/arm-none-eabi/13.3.1/../../../../arm-none-eabi/lib/thumb/v7e-m+fp/hard/libc_nano.a(libc_a-lseekr.o)
 .ARM.attributes
                0x0000025d       0x34 /home/yjy/apps/arm-gnu-toochain/bin/../lib/gcc/arm-none-eabi/13.3.1/../../../../arm-none-eabi/lib/thumb/v7e-m+fp/hard/libc_nano.a(libc_a-readr.o)
 .ARM.attributes
                0x00000291       0x34 /home/yjy/apps/arm-gnu-toochain/bin/../lib/gcc/arm-none-eabi/13.3.1/../../../../arm-none-eabi/lib/thumb/v7e-m+fp/hard/libc_nano.a(libc_a-fwalk.o)
 .ARM.attributes
                0x000002c5       0x34 /home/yjy/apps/arm-gnu-toochain/bin/../lib/gcc/arm-none-eabi/13.3.1/../../../../arm-none-eabi/lib/thumb/v7e-m+fp/hard/libc_nano.a(libc_a-locale.o)
 .ARM.attributes
                0x000002f9       0x34 /home/yjy/apps/arm-gnu-toochain/bin/../lib/gcc/arm-none-eabi/13.3.1/../../../../arm-none-eabi/lib/thumb/v7e-m+fp/hard/libc_nano.a(libc_a-writer.o)
 .ARM.attributes
                0x0000032d       0x34 /home/yjy/apps/arm-gnu-toochain/bin/../lib/gcc/arm-none-eabi/13.3.1/../../../../arm-none-eabi/lib/thumb/v7e-m+fp/hard/libc_nano.a(libc_a-wctomb_r.o)
 .ARM.attributes
                0x00000361       0x34 /home/yjy/apps/arm-gnu-toochain/bin/../lib/gcc/arm-none-eabi/13.3.1/../../../../arm-none-eabi/lib/thumb/v7e-m+fp/hard/libc_nano.a(libc_a-lock.o)
 .ARM.attributes
                0x00000395       0x34 /home/yjy/apps/arm-gnu-toochain/bin/../lib/gcc/arm-none-eabi/13.3.1/../../../../arm-none-eabi/lib/thumb/v7e-m+fp/hard/libc_nano.a(libc_a-fflush.o)
 .ARM.attributes
                0x000003c9       0x34 /home/yjy/apps/arm-gnu-toochain/bin/../lib/gcc/arm-none-eabi/13.3.1/../../../../arm-none-eabi/lib/thumb/v7e-m+fp/hard/libc_nano.a(libc_a-malloc.o)
 .ARM.attributes
                0x000003fd       0x34 /home/yjy/apps/arm-gnu-toochain/bin/../lib/gcc/arm-none-eabi/13.3.1/../../../../arm-none-eabi/lib/thumb/v7e-m+fp/hard/libc_nano.a(libc_a-mallocr.o)
 .ARM.attributes
                0x00000431       0x34 /home/yjy/apps/arm-gnu-toochain/bin/../lib/gcc/arm-none-eabi/13.3.1/../../../../arm-none-eabi/lib/thumb/v7e-m+fp/hard/libc_nano.a(libc_a-closer.o)
 .ARM.attributes
                0x00000465       0x34 /home/yjy/apps/arm-gnu-toochain/bin/../lib/gcc/arm-none-eabi/13.3.1/../../../../arm-none-eabi/lib/thumb/v7e-m+fp/hard/libc_nano.a(libc_a-reent.o)
 .ARM.attributes
                0x00000499       0x34 /home/yjy/apps/arm-gnu-toochain/bin/../lib/gcc/arm-none-eabi/13.3.1/../../../../arm-none-eabi/lib/thumb/v7e-m+fp/hard/libc_nano.a(libc_a-impure.o)
 .ARM.attributes
                0x000004cd       0x34 /home/yjy/apps/arm-gnu-toochain/bin/../lib/gcc/arm-none-eabi/13.3.1/../../../../arm-none-eabi/lib/thumb/v7e-m+fp/hard/libc_nano.a(libc_a-mbtowc_r.o)
 .ARM.attributes
                0x00000501       0x34 /home/yjy/apps/arm-gnu-toochain/bin/../lib/gcc/arm-none-eabi/13.3.1/../../../../arm-none-eabi/lib/thumb/v7e-m+fp/hard/libc_nano.a(libc_a-assert.o)
 .ARM.attributes
                0x00000535       0x34 /home/yjy/apps/arm-gnu-toochain/bin/../lib/gcc/arm-none-eabi/13.3.1/../../../../arm-none-eabi/lib/thumb/v7e-m+fp/hard/libc_nano.a(libc_a-memcpy-stub.o)
 .ARM.attributes
                0x00000569       0x34 /home/yjy/apps/arm-gnu-toochain/bin/../lib/gcc/arm-none-eabi/13.3.1/../../../../arm-none-eabi/lib/thumb/v7e-m+fp/hard/libc_nano.a(libc_a-fprintf.o)
 .ARM.attributes
                0x0000059d       0x34 /home/yjy/apps/arm-gnu-toochain/bin/../lib/gcc/arm-none-eabi/13.3.1/../../../../arm-none-eabi/lib/thumb/v7e-m+fp/hard/libc_nano.a(libc_a-mlock.o)
 .ARM.attributes
                0x000005d1       0x34 /home/yjy/apps/arm-gnu-toochain/bin/../lib/gcc/arm-none-eabi/13.3.1/../../../../arm-none-eabi/lib/thumb/v7e-m+fp/hard/libc_nano.a(libc_a-mprec.o)
 .ARM.attributes
                0x00000605       0x34 /home/yjy/apps/arm-gnu-toochain/bin/../lib/gcc/arm-none-eabi/13.3.1/../../../../arm-none-eabi/lib/thumb/v7e-m+fp/hard/libc_nano.a(libc_a-callocr.o)
 .ARM.attributes
                0x00000639       0x34 /home/yjy/apps/arm-gnu-toochain/bin/../lib/gcc/arm-none-eabi/13.3.1/../../../../arm-none-eabi/lib/thumb/v7e-m+fp/hard/libc_nano.a(libc_a-ctype_.o)
 .ARM.attributes
                0x0000066d       0x34 /home/yjy/apps/arm-gnu-toochain/bin/../lib/gcc/arm-none-eabi/13.3.1/../../../../arm-none-eabi/lib/thumb/v7e-m+fp/hard/libc_nano.a(libc_a-sbrkr.o)
 .ARM.attributes
                0x000006a1       0x34 /home/yjy/apps/arm-gnu-toochain/bin/../lib/gcc/arm-none-eabi/13.3.1/../../../../arm-none-eabi/lib/thumb/v7e-m+fp/hard/libc_nano.a(libc_a-freer.o)
 .ARM.attributes
                0x000006d5       0x34 /home/yjy/apps/arm-gnu-toochain/bin/../lib/gcc/arm-none-eabi/13.3.1/../../../../arm-none-eabi/lib/thumb/v7e-m+fp/hard/libc_nano.a(libc_a-nano-vfprintf.o)
 .ARM.attributes
                0x00000709       0x34 /home/yjy/apps/arm-gnu-toochain/bin/../lib/gcc/arm-none-eabi/13.3.1/../../../../arm-none-eabi/lib/thumb/v7e-m+fp/hard/libc_nano.a(libc_a-wsetup.o)
 .ARM.attributes
                0x0000073d       0x34 /home/yjy/apps/arm-gnu-toochain/bin/../lib/gcc/arm-none-eabi/13.3.1/../../../../arm-none-eabi/lib/thumb/v7e-m+fp/hard/libc_nano.a(libc_a-abort.o)
 .ARM.attributes
                0x00000771       0x34 /home/yjy/apps/arm-gnu-toochain/bin/../lib/gcc/arm-none-eabi/13.3.1/../../../../arm-none-eabi/lib/thumb/v7e-m+fp/hard/libc_nano.a(libc_a-signal.o)
 .ARM.attributes
                0x000007a5       0x34 /home/yjy/apps/arm-gnu-toochain/bin/../lib/gcc/arm-none-eabi/13.3.1/../../../../arm-none-eabi/lib/thumb/v7e-m+fp/hard/libc_nano.a(libc_a-signalr.o)
 .ARM.attributes
                0x000007d9       0x34 /home/yjy/apps/arm-gnu-toochain/bin/../lib/gcc/arm-none-eabi/13.3.1/../../../../arm-none-eabi/lib/thumb/v7e-m+fp/hard/libc_nano.a(libc_a-wbuf.o)
 .ARM.attributes
                0x0000080d       0x34 /home/yjy/apps/arm-gnu-toochain/bin/../lib/gcc/arm-none-eabi/13.3.1/../../../../arm-none-eabi/lib/thumb/v7e-m+fp/hard/libc_nano.a(libc_a-makebuf.o)
 .ARM.attributes
                0x00000841       0x34 /home/yjy/apps/arm-gnu-toochain/bin/../lib/gcc/arm-none-eabi/13.3.1/../../../../arm-none-eabi/lib/thumb/v7e-m+fp/hard/libc_nano.a(libc_a-fstatr.o)
 .ARM.attributes
                0x00000875       0x34 /home/yjy/apps/arm-gnu-toochain/bin/../lib/gcc/arm-none-eabi/13.3.1/../../../../arm-none-eabi/lib/thumb/v7e-m+fp/hard/libc_nano.a(libc_a-isattyr.o)
 .ARM.attributes
                0x000008a9       0x34 CMakeFiles/board_c.dir/robot/algorithm/lpf_filter.c.obj
 .ARM.attributes
                0x000008dd       0x34 CMakeFiles/board_c.dir/robot/unitree/GO-M8010-6.c.obj
 .ARM.attributes
                0x00000911       0x34 CMakeFiles/board_c.dir/Core/Src/main.c.obj
 .ARM.attributes
                0x00000945       0x34 CMakeFiles/board_c.dir/Core/Src/gpio.c.obj
 .ARM.attributes
                0x00000979       0x34 CMakeFiles/board_c.dir/Core/Src/dma.c.obj
 .ARM.attributes
                0x000009ad       0x34 CMakeFiles/board_c.dir/Core/Src/usart.c.obj
 .ARM.attributes
                0x000009e1       0x34 CMakeFiles/board_c.dir/Core/Src/stm32f4xx_it.c.obj
 .ARM.attributes
                0x00000a15       0x34 CMakeFiles/board_c.dir/Core/Src/stm32f4xx_hal_msp.c.obj
 .ARM.attributes
                0x00000a49       0x34 CMakeFiles/board_c.dir/Drivers/STM32F4xx_HAL_Driver/Src/stm32f4xx_hal_uart.c.obj
 .ARM.attributes
                0x00000a7d       0x34 CMakeFiles/board_c.dir/Drivers/STM32F4xx_HAL_Driver/Src/stm32f4xx_hal_rcc.c.obj
 .ARM.attributes
                0x00000ab1       0x34 CMakeFiles/board_c.dir/Drivers/STM32F4xx_HAL_Driver/Src/stm32f4xx_hal_rcc_ex.c.obj
 .ARM.attributes
                0x00000ae5       0x34 CMakeFiles/board_c.dir/Drivers/STM32F4xx_HAL_Driver/Src/stm32f4xx_hal_gpio.c.obj
 .ARM.attributes
                0x00000b19       0x34 CMakeFiles/board_c.dir/Drivers/STM32F4xx_HAL_Driver/Src/stm32f4xx_hal_dma.c.obj
 .ARM.attributes
                0x00000b4d       0x34 CMakeFiles/board_c.dir/Drivers/STM32F4xx_HAL_Driver/Src/stm32f4xx_hal_cortex.c.obj
 .ARM.attributes
                0x00000b81       0x34 CMakeFiles/board_c.dir/Drivers/STM32F4xx_HAL_Driver/Src/stm32f4xx_hal.c.obj
 .ARM.attributes
                0x00000bb5       0x34 CMakeFiles/board_c.dir/Core/Src/system_stm32f4xx.c.obj
 .ARM.attributes
                0x00000be9       0x34 CMakeFiles/board_c.dir/Core/Src/sysmem.c.obj
 .ARM.attributes
                0x00000c1d       0x34 CMakeFiles/board_c.dir/Core/Src/syscalls.c.obj
 .ARM.attributes
                0x00000c51       0x21 CMakeFiles/board_c.dir/startup_stm32f446xx.s.obj
 .ARM.attributes
                0x00000c72       0x22 /home/yjy/apps/arm-gnu-toochain/bin/../lib/gcc/arm-none-eabi/13.3.1/thumb/v7e-m+fp/hard/libgcc.a(_arm_addsubdf3.o)
 .ARM.attributes
                0x00000c94       0x22 /home/yjy/apps/arm-gnu-toochain/bin/../lib/gcc/arm-none-eabi/13.3.1/thumb/v7e-m+fp/hard/libgcc.a(_arm_muldivdf3.o)
 .ARM.attributes
                0x00000cb6       0x22 /home/yjy/apps/arm-gnu-toochain/bin/../lib/gcc/arm-none-eabi/13.3.1/thumb/v7e-m+fp/hard/libgcc.a(_arm_cmpdf2.o)
 .ARM.attributes
                0x00000cd8       0x22 /home/yjy/apps/arm-gnu-toochain/bin/../lib/gcc/arm-none-eabi/13.3.1/thumb/v7e-m+fp/hard/libgcc.a(_arm_unorddf2.o)
 .ARM.attributes
                0x00000cfa       0x22 /home/yjy/apps/arm-gnu-toochain/bin/../lib/gcc/arm-none-eabi/13.3.1/thumb/v7e-m+fp/hard/libgcc.a(_arm_fixdfsi.o)
 .ARM.attributes
                0x00000d1c       0x22 /home/yjy/apps/arm-gnu-toochain/bin/../lib/gcc/arm-none-eabi/13.3.1/thumb/v7e-m+fp/hard/libgcc.a(_arm_truncdfsf2.o)
 .ARM.attributes
                0x00000d3e       0x22 /home/yjy/apps/arm-gnu-toochain/bin/../lib/gcc/arm-none-eabi/13.3.1/thumb/v7e-m+fp/hard/libgcc.a(_aeabi_uldivmod.o)
 .ARM.attributes
                0x00000d60       0x34 /home/yjy/apps/arm-gnu-toochain/bin/../lib/gcc/arm-none-eabi/13.3.1/thumb/v7e-m+fp/hard/libgcc.a(_udivmoddi4.o)
 .ARM.attributes
                0x00000d94       0x22 /home/yjy/apps/arm-gnu-toochain/bin/../lib/gcc/arm-none-eabi/13.3.1/thumb/v7e-m+fp/hard/libgcc.a(_dvmd_tls.o)
 .ARM.attributes
                0x00000db6       0x34 /home/yjy/apps/arm-gnu-toochain/bin/../lib/gcc/arm-none-eabi/13.3.1/../../../../arm-none-eabi/lib/thumb/v7e-m+fp/hard/libg_nano.a(libc_a-errno.o)
 .ARM.attributes
                0x00000dea       0x34 /home/yjy/apps/arm-gnu-toochain/bin/../lib/gcc/arm-none-eabi/13.3.1/thumb/v7e-m+fp/hard/crtend.o
 .ARM.attributes
                0x00000e1e       0x22 /home/yjy/apps/arm-gnu-toochain/bin/../lib/gcc/arm-none-eabi/13.3.1/thumb/v7e-m+fp/hard/crtn.o
OUTPUT(board_c.elf elf32-littlearm)
LOAD linker stubs
LOAD /home/yjy/apps/arm-gnu-toochain/bin/../lib/gcc/arm-none-eabi/13.3.1/../../../../arm-none-eabi/lib/thumb/v7e-m+fp/hard/libc.a
LOAD /home/yjy/apps/arm-gnu-toochain/bin/../lib/gcc/arm-none-eabi/13.3.1/../../../../arm-none-eabi/lib/thumb/v7e-m+fp/hard/libm.a
LOAD /home/yjy/apps/arm-gnu-toochain/bin/../lib/gcc/arm-none-eabi/13.3.1/thumb/v7e-m+fp/hard/libgcc.a

.debug_frame    0x00000000     0x33f8
 .debug_frame   0x00000000       0x2c /home/yjy/apps/arm-gnu-toochain/bin/../lib/gcc/arm-none-eabi/13.3.1/../../../../arm-none-eabi/lib/thumb/v7e-m+fp/hard/libc_nano.a(libc_a-init.o)
 .debug_frame   0x0000002c       0x90 /home/yjy/apps/arm-gnu-toochain/bin/../lib/gcc/arm-none-eabi/13.3.1/../../../../arm-none-eabi/lib/thumb/v7e-m+fp/hard/libc_nano.a(libc_a-nano-vfprintf_float.o)
 .debug_frame   0x000000bc       0x20 /home/yjy/apps/arm-gnu-toochain/bin/../lib/gcc/arm-none-eabi/13.3.1/../../../../arm-none-eabi/lib/thumb/v7e-m+fp/hard/libc_nano.a(libc_a-memset.o)
 .debug_frame   0x000000dc       0x40 /home/yjy/apps/arm-gnu-toochain/bin/../lib/gcc/arm-none-eabi/13.3.1/../../../../arm-none-eabi/lib/thumb/v7e-m+fp/hard/libc_nano.a(libc_a-localeconv.o)
 .debug_frame   0x0000011c       0x60 /home/yjy/apps/arm-gnu-toochain/bin/../lib/gcc/arm-none-eabi/13.3.1/../../../../arm-none-eabi/lib/thumb/v7e-m+fp/hard/libc_nano.a(libc_a-nano-vfprintf_i.o)
 .debug_frame   0x0000017c      0x144 /home/yjy/apps/arm-gnu-toochain/bin/../lib/gcc/arm-none-eabi/13.3.1/../../../../arm-none-eabi/lib/thumb/v7e-m+fp/hard/libc_nano.a(libc_a-findfp.o)
 .debug_frame   0x000002c0       0x88 /home/yjy/apps/arm-gnu-toochain/bin/../lib/gcc/arm-none-eabi/13.3.1/../../../../arm-none-eabi/lib/thumb/v7e-m+fp/hard/libc_nano.a(libc_a-stdio.o)
 .debug_frame   0x00000348       0x70 /home/yjy/apps/arm-gnu-toochain/bin/../lib/gcc/arm-none-eabi/13.3.1/../../../../arm-none-eabi/lib/thumb/v7e-m+fp/hard/libc_nano.a(libc_a-dtoa.o)
 .debug_frame   0x000003b8       0x2c /home/yjy/apps/arm-gnu-toochain/bin/../lib/gcc/arm-none-eabi/13.3.1/../../../../arm-none-eabi/lib/thumb/v7e-m+fp/hard/libc_nano.a(libc_a-lseekr.o)
 .debug_frame   0x000003e4       0x2c /home/yjy/apps/arm-gnu-toochain/bin/../lib/gcc/arm-none-eabi/13.3.1/../../../../arm-none-eabi/lib/thumb/v7e-m+fp/hard/libc_nano.a(libc_a-readr.o)
 .debug_frame   0x00000410       0x34 /home/yjy/apps/arm-gnu-toochain/bin/../lib/gcc/arm-none-eabi/13.3.1/../../../../arm-none-eabi/lib/thumb/v7e-m+fp/hard/libc_nano.a(libc_a-fwalk.o)
 .debug_frame   0x00000444       0x48 /home/yjy/apps/arm-gnu-toochain/bin/../lib/gcc/arm-none-eabi/13.3.1/../../../../arm-none-eabi/lib/thumb/v7e-m+fp/hard/libc_nano.a(libc_a-locale.o)
 .debug_frame   0x0000048c       0x2c /home/yjy/apps/arm-gnu-toochain/bin/../lib/gcc/arm-none-eabi/13.3.1/../../../../arm-none-eabi/lib/thumb/v7e-m+fp/hard/libc_nano.a(libc_a-writer.o)
 .debug_frame   0x000004b8       0x3c /home/yjy/apps/arm-gnu-toochain/bin/../lib/gcc/arm-none-eabi/13.3.1/../../../../arm-none-eabi/lib/thumb/v7e-m+fp/hard/libc_nano.a(libc_a-wctomb_r.o)
 .debug_frame   0x000004f4       0xb0 /home/yjy/apps/arm-gnu-toochain/bin/../lib/gcc/arm-none-eabi/13.3.1/../../../../arm-none-eabi/lib/thumb/v7e-m+fp/hard/libc_nano.a(libc_a-lock.o)
 .debug_frame   0x000005a4       0x5c /home/yjy/apps/arm-gnu-toochain/bin/../lib/gcc/arm-none-eabi/13.3.1/../../../../arm-none-eabi/lib/thumb/v7e-m+fp/hard/libc_nano.a(libc_a-fflush.o)
 .debug_frame   0x00000600       0x30 /home/yjy/apps/arm-gnu-toochain/bin/../lib/gcc/arm-none-eabi/13.3.1/../../../../arm-none-eabi/lib/thumb/v7e-m+fp/hard/libc_nano.a(libc_a-malloc.o)
 .debug_frame   0x00000630       0x50 /home/yjy/apps/arm-gnu-toochain/bin/../lib/gcc/arm-none-eabi/13.3.1/../../../../arm-none-eabi/lib/thumb/v7e-m+fp/hard/libc_nano.a(libc_a-mallocr.o)
 .debug_frame   0x00000680       0x2c /home/yjy/apps/arm-gnu-toochain/bin/../lib/gcc/arm-none-eabi/13.3.1/../../../../arm-none-eabi/lib/thumb/v7e-m+fp/hard/libc_nano.a(libc_a-closer.o)
 .debug_frame   0x000006ac       0x38 /home/yjy/apps/arm-gnu-toochain/bin/../lib/gcc/arm-none-eabi/13.3.1/../../../../arm-none-eabi/lib/thumb/v7e-m+fp/hard/libc_nano.a(libc_a-reent.o)
 .debug_frame   0x000006e4       0x48 /home/yjy/apps/arm-gnu-toochain/bin/../lib/gcc/arm-none-eabi/13.3.1/../../../../arm-none-eabi/lib/thumb/v7e-m+fp/hard/libc_nano.a(libc_a-mbtowc_r.o)
 .debug_frame   0x0000072c       0x40 /home/yjy/apps/arm-gnu-toochain/bin/../lib/gcc/arm-none-eabi/13.3.1/../../../../arm-none-eabi/lib/thumb/v7e-m+fp/hard/libc_nano.a(libc_a-assert.o)
 .debug_frame   0x0000076c       0x28 /home/yjy/apps/arm-gnu-toochain/bin/../lib/gcc/arm-none-eabi/13.3.1/../../../../arm-none-eabi/lib/thumb/v7e-m+fp/hard/libc_nano.a(libc_a-memcpy-stub.o)
 .debug_frame   0x00000794       0x64 /home/yjy/apps/arm-gnu-toochain/bin/../lib/gcc/arm-none-eabi/13.3.1/../../../../arm-none-eabi/lib/thumb/v7e-m+fp/hard/libc_nano.a(libc_a-fprintf.o)
 .debug_frame   0x000007f8       0x30 /home/yjy/apps/arm-gnu-toochain/bin/../lib/gcc/arm-none-eabi/13.3.1/../../../../arm-none-eabi/lib/thumb/v7e-m+fp/hard/libc_nano.a(libc_a-mlock.o)
 .debug_frame   0x00000828      0x260 /home/yjy/apps/arm-gnu-toochain/bin/../lib/gcc/arm-none-eabi/13.3.1/../../../../arm-none-eabi/lib/thumb/v7e-m+fp/hard/libc_nano.a(libc_a-mprec.o)
 .debug_frame   0x00000a88       0x2c /home/yjy/apps/arm-gnu-toochain/bin/../lib/gcc/arm-none-eabi/13.3.1/../../../../arm-none-eabi/lib/thumb/v7e-m+fp/hard/libc_nano.a(libc_a-callocr.o)
 .debug_frame   0x00000ab4       0x2c /home/yjy/apps/arm-gnu-toochain/bin/../lib/gcc/arm-none-eabi/13.3.1/../../../../arm-none-eabi/lib/thumb/v7e-m+fp/hard/libc_nano.a(libc_a-sbrkr.o)
 .debug_frame   0x00000ae0       0x38 /home/yjy/apps/arm-gnu-toochain/bin/../lib/gcc/arm-none-eabi/13.3.1/../../../../arm-none-eabi/lib/thumb/v7e-m+fp/hard/libc_nano.a(libc_a-freer.o)
 .debug_frame   0x00000b18       0xa8 /home/yjy/apps/arm-gnu-toochain/bin/../lib/gcc/arm-none-eabi/13.3.1/../../../../arm-none-eabi/lib/thumb/v7e-m+fp/hard/libc_nano.a(libc_a-nano-vfprintf.o)
 .debug_frame   0x00000bc0       0x2c /home/yjy/apps/arm-gnu-toochain/bin/../lib/gcc/arm-none-eabi/13.3.1/../../../../arm-none-eabi/lib/thumb/v7e-m+fp/hard/libc_nano.a(libc_a-wsetup.o)
 .debug_frame   0x00000bec       0x28 /home/yjy/apps/arm-gnu-toochain/bin/../lib/gcc/arm-none-eabi/13.3.1/../../../../arm-none-eabi/lib/thumb/v7e-m+fp/hard/libc_nano.a(libc_a-abort.o)
 .debug_frame   0x00000c14       0xcc /home/yjy/apps/arm-gnu-toochain/bin/../lib/gcc/arm-none-eabi/13.3.1/../../../../arm-none-eabi/lib/thumb/v7e-m+fp/hard/libc_nano.a(libc_a-signal.o)
 .debug_frame   0x00000ce0       0x3c /home/yjy/apps/arm-gnu-toochain/bin/../lib/gcc/arm-none-eabi/13.3.1/../../../../arm-none-eabi/lib/thumb/v7e-m+fp/hard/libc_nano.a(libc_a-signalr.o)
 .debug_frame   0x00000d1c       0x40 /home/yjy/apps/arm-gnu-toochain/bin/../lib/gcc/arm-none-eabi/13.3.1/../../../../arm-none-eabi/lib/thumb/v7e-m+fp/hard/libc_nano.a(libc_a-wbuf.o)
 .debug_frame   0x00000d5c       0x58 /home/yjy/apps/arm-gnu-toochain/bin/../lib/gcc/arm-none-eabi/13.3.1/../../../../arm-none-eabi/lib/thumb/v7e-m+fp/hard/libc_nano.a(libc_a-makebuf.o)
 .debug_frame   0x00000db4       0x2c /home/yjy/apps/arm-gnu-toochain/bin/../lib/gcc/arm-none-eabi/13.3.1/../../../../arm-none-eabi/lib/thumb/v7e-m+fp/hard/libc_nano.a(libc_a-fstatr.o)
 .debug_frame   0x00000de0       0x2c /home/yjy/apps/arm-gnu-toochain/bin/../lib/gcc/arm-none-eabi/13.3.1/../../../../arm-none-eabi/lib/thumb/v7e-m+fp/hard/libc_nano.a(libc_a-isattyr.o)
 .debug_frame   0x00000e0c      0x214 CMakeFiles/board_c.dir/robot/algorithm/lpf_filter.c.obj
 .debug_frame   0x00001020       0xd0 CMakeFiles/board_c.dir/robot/unitree/GO-M8010-6.c.obj
 .debug_frame   0x000010f0      0x190 CMakeFiles/board_c.dir/Core/Src/main.c.obj
 .debug_frame   0x00001280       0x34 CMakeFiles/board_c.dir/Core/Src/gpio.c.obj
 .debug_frame   0x000012b4       0x34 CMakeFiles/board_c.dir/Core/Src/dma.c.obj
 .debug_frame   0x000012e8       0x90 CMakeFiles/board_c.dir/Core/Src/usart.c.obj
 .debug_frame   0x00001378      0x120 CMakeFiles/board_c.dir/Core/Src/stm32f4xx_it.c.obj
 .debug_frame   0x00001498       0x38 CMakeFiles/board_c.dir/Core/Src/stm32f4xx_hal_msp.c.obj
 .debug_frame   0x000014d0      0x954 CMakeFiles/board_c.dir/Drivers/STM32F4xx_HAL_Driver/Src/stm32f4xx_hal_uart.c.obj
 .debug_frame   0x00001e24      0x1f4 CMakeFiles/board_c.dir/Drivers/STM32F4xx_HAL_Driver/Src/stm32f4xx_hal_rcc.c.obj
 .debug_frame   0x00002018      0x1e8 CMakeFiles/board_c.dir/Drivers/STM32F4xx_HAL_Driver/Src/stm32f4xx_hal_rcc_ex.c.obj
 .debug_frame   0x00002200      0x14c CMakeFiles/board_c.dir/Drivers/STM32F4xx_HAL_Driver/Src/stm32f4xx_hal_gpio.c.obj
 .debug_frame   0x0000234c      0x250 CMakeFiles/board_c.dir/Drivers/STM32F4xx_HAL_Driver/Src/stm32f4xx_hal_dma.c.obj
 .debug_frame   0x0000259c      0x508 CMakeFiles/board_c.dir/Drivers/STM32F4xx_HAL_Driver/Src/stm32f4xx_hal_cortex.c.obj
 .debug_frame   0x00002aa4      0x374 CMakeFiles/board_c.dir/Drivers/STM32F4xx_HAL_Driver/Src/stm32f4xx_hal.c.obj
 .debug_frame   0x00002e18       0x58 CMakeFiles/board_c.dir/Core/Src/system_stm32f4xx.c.obj
 .debug_frame   0x00002e70       0x34 CMakeFiles/board_c.dir/Core/Src/sysmem.c.obj
 .debug_frame   0x00002ea4      0x2ac CMakeFiles/board_c.dir/Core/Src/syscalls.c.obj
 .debug_frame   0x00003150       0xac /home/yjy/apps/arm-gnu-toochain/bin/../lib/gcc/arm-none-eabi/13.3.1/thumb/v7e-m+fp/hard/libgcc.a(_arm_addsubdf3.o)
 .debug_frame   0x000031fc       0x50 /home/yjy/apps/arm-gnu-toochain/bin/../lib/gcc/arm-none-eabi/13.3.1/thumb/v7e-m+fp/hard/libgcc.a(_arm_muldivdf3.o)
 .debug_frame   0x0000324c       0xc4 /home/yjy/apps/arm-gnu-toochain/bin/../lib/gcc/arm-none-eabi/13.3.1/thumb/v7e-m+fp/hard/libgcc.a(_arm_cmpdf2.o)
 .debug_frame   0x00003310       0x20 /home/yjy/apps/arm-gnu-toochain/bin/../lib/gcc/arm-none-eabi/13.3.1/thumb/v7e-m+fp/hard/libgcc.a(_arm_unorddf2.o)
 .debug_frame   0x00003330       0x24 /home/yjy/apps/arm-gnu-toochain/bin/../lib/gcc/arm-none-eabi/13.3.1/thumb/v7e-m+fp/hard/libgcc.a(_arm_fixdfsi.o)
 .debug_frame   0x00003354       0x24 /home/yjy/apps/arm-gnu-toochain/bin/../lib/gcc/arm-none-eabi/13.3.1/thumb/v7e-m+fp/hard/libgcc.a(_arm_truncdfsf2.o)
 .debug_frame   0x00003378       0x2c /home/yjy/apps/arm-gnu-toochain/bin/../lib/gcc/arm-none-eabi/13.3.1/thumb/v7e-m+fp/hard/libgcc.a(_aeabi_uldivmod.o)
 .debug_frame   0x000033a4       0x34 /home/yjy/apps/arm-gnu-toochain/bin/../lib/gcc/arm-none-eabi/13.3.1/thumb/v7e-m+fp/hard/libgcc.a(_udivmoddi4.o)
 .debug_frame   0x000033d8       0x20 /home/yjy/apps/arm-gnu-toochain/bin/../lib/gcc/arm-none-eabi/13.3.1/../../../../arm-none-eabi/lib/thumb/v7e-m+fp/hard/libg_nano.a(libc_a-errno.o)

.debug_line_str
                0x00000000      0x238
 .debug_line_str
                0x00000000      0x238 /home/yjy/apps/arm-gnu-toochain/bin/../lib/gcc/arm-none-eabi/13.3.1/../../../../arm-none-eabi/lib/thumb/v7e-m+fp/hard/libc_nano.a(libc_a-memchr.o)
                                 0xda (size before relaxing)
 .debug_line_str
                0x00000238       0xe4 /home/yjy/apps/arm-gnu-toochain/bin/../lib/gcc/arm-none-eabi/13.3.1/../../../../arm-none-eabi/lib/thumb/v7e-m+fp/hard/libc_nano.a(libc_a-strlen.o)
 .debug_line_str
                0x00000238       0x70 CMakeFiles/board_c.dir/startup_stm32f446xx.s.obj
 .debug_line_str
                0x00000238       0xc7 /home/yjy/apps/arm-gnu-toochain/bin/../lib/gcc/arm-none-eabi/13.3.1/thumb/v7e-m+fp/hard/libgcc.a(_arm_addsubdf3.o)
 .debug_line_str
                0x00000238       0xc7 /home/yjy/apps/arm-gnu-toochain/bin/../lib/gcc/arm-none-eabi/13.3.1/thumb/v7e-m+fp/hard/libgcc.a(_arm_muldivdf3.o)
 .debug_line_str
                0x00000238       0xc7 /home/yjy/apps/arm-gnu-toochain/bin/../lib/gcc/arm-none-eabi/13.3.1/thumb/v7e-m+fp/hard/libgcc.a(_arm_cmpdf2.o)
 .debug_line_str
                0x00000238       0xc7 /home/yjy/apps/arm-gnu-toochain/bin/../lib/gcc/arm-none-eabi/13.3.1/thumb/v7e-m+fp/hard/libgcc.a(_arm_unorddf2.o)
 .debug_line_str
                0x00000238       0xc7 /home/yjy/apps/arm-gnu-toochain/bin/../lib/gcc/arm-none-eabi/13.3.1/thumb/v7e-m+fp/hard/libgcc.a(_arm_fixdfsi.o)
 .debug_line_str
                0x00000238       0xc7 /home/yjy/apps/arm-gnu-toochain/bin/../lib/gcc/arm-none-eabi/13.3.1/thumb/v7e-m+fp/hard/libgcc.a(_arm_truncdfsf2.o)
 .debug_line_str
                0x00000238       0xc2 /home/yjy/apps/arm-gnu-toochain/bin/../lib/gcc/arm-none-eabi/13.3.1/thumb/v7e-m+fp/hard/libgcc.a(_aeabi_uldivmod.o)
 .debug_line_str
                0x00000238       0xc6 /home/yjy/apps/arm-gnu-toochain/bin/../lib/gcc/arm-none-eabi/13.3.1/thumb/v7e-m+fp/hard/libgcc.a(_dvmd_tls.o)

.debug_info     0x00000000     0xb672
 .debug_info    0x00000000      0x7a7 CMakeFiles/board_c.dir/robot/algorithm/lpf_filter.c.obj
 .debug_info    0x000007a7      0xbec CMakeFiles/board_c.dir/robot/unitree/GO-M8010-6.c.obj
 .debug_info    0x00001393     0x133c CMakeFiles/board_c.dir/Core/Src/main.c.obj
 .debug_info    0x000026cf      0x41d CMakeFiles/board_c.dir/Core/Src/gpio.c.obj
 .debug_info    0x00002aec      0x4fb CMakeFiles/board_c.dir/Core/Src/dma.c.obj
 .debug_info    0x00002fe7      0x9fe CMakeFiles/board_c.dir/Core/Src/usart.c.obj
 .debug_info    0x000039e5      0x3a9 CMakeFiles/board_c.dir/Core/Src/stm32f4xx_it.c.obj
 .debug_info    0x00003d8e      0x299 CMakeFiles/board_c.dir/Core/Src/stm32f4xx_hal_msp.c.obj
 .debug_info    0x00004027     0x2f4f CMakeFiles/board_c.dir/Drivers/STM32F4xx_HAL_Driver/Src/stm32f4xx_hal_uart.c.obj
 .debug_info    0x00006f76      0x8eb CMakeFiles/board_c.dir/Drivers/STM32F4xx_HAL_Driver/Src/stm32f4xx_hal_rcc.c.obj
 .debug_info    0x00007861      0x956 CMakeFiles/board_c.dir/Drivers/STM32F4xx_HAL_Driver/Src/stm32f4xx_hal_rcc_ex.c.obj
 .debug_info    0x000081b7      0x70b CMakeFiles/board_c.dir/Drivers/STM32F4xx_HAL_Driver/Src/stm32f4xx_hal_gpio.c.obj
 .debug_info    0x000088c2      0x8e7 CMakeFiles/board_c.dir/Drivers/STM32F4xx_HAL_Driver/Src/stm32f4xx_hal_dma.c.obj
 .debug_info    0x000091a9      0xdaa CMakeFiles/board_c.dir/Drivers/STM32F4xx_HAL_Driver/Src/stm32f4xx_hal_cortex.c.obj
 .debug_info    0x00009f53      0x99a CMakeFiles/board_c.dir/Drivers/STM32F4xx_HAL_Driver/Src/stm32f4xx_hal.c.obj
 .debug_info    0x0000a8ed      0x54a CMakeFiles/board_c.dir/Core/Src/system_stm32f4xx.c.obj
 .debug_info    0x0000ae37      0x168 CMakeFiles/board_c.dir/Core/Src/sysmem.c.obj
 .debug_info    0x0000af9f      0x6a3 CMakeFiles/board_c.dir/Core/Src/syscalls.c.obj
 .debug_info    0x0000b642       0x30 CMakeFiles/board_c.dir/startup_stm32f446xx.s.obj

.debug_abbrev   0x00000000     0x22fc
 .debug_abbrev  0x00000000      0x1ee CMakeFiles/board_c.dir/robot/algorithm/lpf_filter.c.obj
 .debug_abbrev  0x000001ee      0x247 CMakeFiles/board_c.dir/robot/unitree/GO-M8010-6.c.obj
 .debug_abbrev  0x00000435      0x32b CMakeFiles/board_c.dir/Core/Src/main.c.obj
 .debug_abbrev  0x00000760      0x152 CMakeFiles/board_c.dir/Core/Src/gpio.c.obj
 .debug_abbrev  0x000008b2      0x10e CMakeFiles/board_c.dir/Core/Src/dma.c.obj
 .debug_abbrev  0x000009c0      0x213 CMakeFiles/board_c.dir/Core/Src/usart.c.obj
 .debug_abbrev  0x00000bd3      0x169 CMakeFiles/board_c.dir/Core/Src/stm32f4xx_it.c.obj
 .debug_abbrev  0x00000d3c       0xd8 CMakeFiles/board_c.dir/Core/Src/stm32f4xx_hal_msp.c.obj
 .debug_abbrev  0x00000e14      0x30e CMakeFiles/board_c.dir/Drivers/STM32F4xx_HAL_Driver/Src/stm32f4xx_hal_uart.c.obj
 .debug_abbrev  0x00001122      0x2b7 CMakeFiles/board_c.dir/Drivers/STM32F4xx_HAL_Driver/Src/stm32f4xx_hal_rcc.c.obj
 .debug_abbrev  0x000013d9      0x20a CMakeFiles/board_c.dir/Drivers/STM32F4xx_HAL_Driver/Src/stm32f4xx_hal_rcc_ex.c.obj
 .debug_abbrev  0x000015e3      0x1d4 CMakeFiles/board_c.dir/Drivers/STM32F4xx_HAL_Driver/Src/stm32f4xx_hal_gpio.c.obj
 .debug_abbrev  0x000017b7      0x264 CMakeFiles/board_c.dir/Drivers/STM32F4xx_HAL_Driver/Src/stm32f4xx_hal_dma.c.obj
 .debug_abbrev  0x00001a1b      0x31d CMakeFiles/board_c.dir/Drivers/STM32F4xx_HAL_Driver/Src/stm32f4xx_hal_cortex.c.obj
 .debug_abbrev  0x00001d38      0x214 CMakeFiles/board_c.dir/Drivers/STM32F4xx_HAL_Driver/Src/stm32f4xx_hal.c.obj
 .debug_abbrev  0x00001f4c      0x11a CMakeFiles/board_c.dir/Core/Src/system_stm32f4xx.c.obj
 .debug_abbrev  0x00002066       0xbc CMakeFiles/board_c.dir/Core/Src/sysmem.c.obj
 .debug_abbrev  0x00002122      0x1b6 CMakeFiles/board_c.dir/Core/Src/syscalls.c.obj
 .debug_abbrev  0x000022d8       0x24 CMakeFiles/board_c.dir/startup_stm32f446xx.s.obj

.debug_aranges  0x00000000      0x950
 .debug_aranges
                0x00000000       0x80 CMakeFiles/board_c.dir/robot/algorithm/lpf_filter.c.obj
 .debug_aranges
                0x00000080       0x40 CMakeFiles/board_c.dir/robot/unitree/GO-M8010-6.c.obj
 .debug_aranges
                0x000000c0       0x68 CMakeFiles/board_c.dir/Core/Src/main.c.obj
 .debug_aranges
                0x00000128       0x20 CMakeFiles/board_c.dir/Core/Src/gpio.c.obj
 .debug_aranges
                0x00000148       0x20 CMakeFiles/board_c.dir/Core/Src/dma.c.obj
 .debug_aranges
                0x00000168       0x38 CMakeFiles/board_c.dir/Core/Src/usart.c.obj
 .debug_aranges
                0x000001a0       0x68 CMakeFiles/board_c.dir/Core/Src/stm32f4xx_it.c.obj
 .debug_aranges
                0x00000208       0x20 CMakeFiles/board_c.dir/Core/Src/stm32f4xx_hal_msp.c.obj
 .debug_aranges
                0x00000228      0x208 CMakeFiles/board_c.dir/Drivers/STM32F4xx_HAL_Driver/Src/stm32f4xx_hal_uart.c.obj
 .debug_aranges
                0x00000430       0x88 CMakeFiles/board_c.dir/Drivers/STM32F4xx_HAL_Driver/Src/stm32f4xx_hal_rcc.c.obj
 .debug_aranges
                0x000004b8       0x78 CMakeFiles/board_c.dir/Drivers/STM32F4xx_HAL_Driver/Src/stm32f4xx_hal_rcc_ex.c.obj
 .debug_aranges
                0x00000530       0x58 CMakeFiles/board_c.dir/Drivers/STM32F4xx_HAL_Driver/Src/stm32f4xx_hal_gpio.c.obj
 .debug_aranges
                0x00000588       0x90 CMakeFiles/board_c.dir/Drivers/STM32F4xx_HAL_Driver/Src/stm32f4xx_hal_dma.c.obj
 .debug_aranges
                0x00000618      0x130 CMakeFiles/board_c.dir/Drivers/STM32F4xx_HAL_Driver/Src/stm32f4xx_hal_cortex.c.obj
 .debug_aranges
                0x00000748       0xf0 CMakeFiles/board_c.dir/Drivers/STM32F4xx_HAL_Driver/Src/stm32f4xx_hal.c.obj
 .debug_aranges
                0x00000838       0x28 CMakeFiles/board_c.dir/Core/Src/system_stm32f4xx.c.obj
 .debug_aranges
                0x00000860       0x20 CMakeFiles/board_c.dir/Core/Src/sysmem.c.obj
 .debug_aranges
                0x00000880       0xa8 CMakeFiles/board_c.dir/Core/Src/syscalls.c.obj
 .debug_aranges
                0x00000928       0x28 CMakeFiles/board_c.dir/startup_stm32f446xx.s.obj

.debug_rnglists
                0x00000000      0x70b
 .debug_rnglists